<?xml version="1.0" encoding="utf-8"?>
<TestRun id="faa07b9d-bd2f-43d2-b5bb-5e0e8e4f278b" name="@MacBook-Air-de-Lucas 2026-04-17 09:32:17" xmlns="http://microsoft.com/schemas/VisualStudio/TeamTest/2010">
  <Times creation="2026-04-17T09:32:17.2479240-03:00" queuing="2026-04-17T09:32:17.2479240-03:00" start="2026-04-17T09:32:16.9597570-03:00" finish="2026-04-17T09:32:17.5044930-03:00" />
  <TestSettings name="default" id="0b9fb57d-4b4c-4dab-84d5-887c98b9064c">
    <Deployment runDeploymentRoot="_MacBook-Air-de-Lucas_2026-04-17_09_32_17" />
  </TestSettings>
  <Results>
    <UnitTestResult executionId="bb96034d-09b0-485a-af80-f9c198f96d13" testId="e33ec49f-7061-f282-107a-d258a05c6c5a" testName="RhPortal.Api.Tests.Modules.TenantModuleServiceTests.GetEnabled_EHashSetCaseInsensitive" computerName="MacBook-Air-de-Lucas" duration="00:00:00.0002748" startTime="2026-04-17T09:32:17.4691750-03:00" endTime="2026-04-17T09:32:17.4691750-03:00" testType="13cdc9d9-ddb5-4fa4-a97d-d965ccfc6d4b" outcome="Passed" testListId="8c84fa94-04c1-424b-9868-57a2d4851a1d" relativeResultsDirectory="bb96034d-09b0-485a-af80-f9c198f96d13" />
    <UnitTestResult executionId="ffb34d8a-455a-4a1a-8215-7042ef8649b5" testId="6246c584-5dc8-440b-2ebb-c690c4b7d5ab" testName="RhPortal.Api.Tests.Modules.ModuleCatalogTests.ModulosCore_EstaoMarcadosComoIsCore" computerName="MacBook-Air-de-Lucas" duration="00:00:00.0019056" startTime="2026-04-17T09:32:17.2191380-03:00" endTime="2026-04-17T09:32:17.2191450-03:00" testType="13cdc9d9-ddb5-4fa4-a97d-d965ccfc6d4b" outcome="Passed" testListId="8c84fa94-04c1-424b-9868-57a2d4851a1d" relativeResultsDirectory="ffb34d8a-455a-4a1a-8215-7042ef8649b5" />
    <UnitTestResult executionId="15117ee5-2ee7-46d2-a650-38b8f46bc404" testId="d8eb8240-b7ea-26f2-0d2d-2d6a66e732ac" testName="RhPortal.Api.Tests.Modules.TenantModuleServiceTests.Set_IsolamentoPorTenant" computerName="MacBook-Air-de-Lucas" duration="00:00:00.0011015" startTime="2026-04-17T09:32:17.4801890-03:00" endTime="2026-04-17T09:32:17.4801890-03:00" testType="13cdc9d9-ddb5-4fa4-a97d-d965ccfc6d4b" outcome="Passed" testListId="8c84fa94-04c1-424b-9868-57a2d4851a1d" relativeResultsDirectory="15117ee5-2ee7-46d2-a650-38b8f46bc404" />
    <UnitTestResult executionId="26ec9356-b8b9-418e-8e2e-f69210ccf1a5" testId="1b8e4638-cb26-ef08-12c1-56bfe8a70069" testName="RhPortal.Api.Tests.Modules.ModuleCatalogTests.ResolveModuleKey_MapeiaPermissionKeysParaModulos(permissionKey: &quot;feedback.view&quot;, expectedModule: &quot;feedback&quot;)" computerName="MacBook-Air-de-Lucas" duration="00:00:00.0000010" startTime="2026-04-17T09:32:17.2292550-03:00" endTime="2026-04-17T09:32:17.2292550-03:00" testType="13cdc9d9-ddb5-4fa4-a97d-d965ccfc6d4b" outcome="Passed" testListId="8c84fa94-04c1-424b-9868-57a2d4851a1d" relativeResultsDirectory="26ec9356-b8b9-418e-8e2e-f69210ccf1a5" />
    <UnitTestResult executionId="3581e2cd-203e-4b93-9c73-c1ce74910b93" testId="f5a890ac-c9cd-7a3a-7e20-8cabeba65c15" testName="RhPortal.Api.Tests.Modules.ModuleCatalogTests.ResolveModuleKey_MapeiaPermissionKeysParaModulos(permissionKey: &quot;relatorios.view&quot;, expectedModule: &quot;relatorios&quot;)" computerName="MacBook-Air-de-Lucas" duration="00:00:00.0000017" startTime="2026-04-17T09:32:17.2204670-03:00" endTime="2026-04-17T09:32:17.2204670-03:00" testType="13cdc9d9-ddb5-4fa4-a97d-d965ccfc6d4b" outcome="Passed" testListId="8c84fa94-04c1-424b-9868-57a2d4851a1d" relativeResultsDirectory="3581e2cd-203e-4b93-9c73-c1ce74910b93" />
    <UnitTestResult executionId="66667285-35ce-4a04-93e8-6f78bfc45b7f" testId="4b11b67e-322e-54b1-77e1-a88a1be04739" testName="RhPortal.Api.Tests.Modules.ModuleCatalogTests.ResolveModuleKey_MapeiaPermissionKeysParaModulos(permissionKey: &quot;agenda.view&quot;, expectedModule: &quot;agenda&quot;)" computerName="MacBook-Air-de-Lucas" duration="00:00:00.0000008" startTime="2026-04-17T09:32:17.2292010-03:00" endTime="2026-04-17T09:32:17.2292010-03:00" testType="13cdc9d9-ddb5-4fa4-a97d-d965ccfc6d4b" outcome="Passed" testListId="8c84fa94-04c1-424b-9868-57a2d4851a1d" relativeResultsDirectory="66667285-35ce-4a04-93e8-6f78bfc45b7f" />
    <UnitTestResult executionId="f3974b37-e1a0-4929-9780-dd7673b25c7c" testId="9eea182a-cb60-df22-b04a-bee1a408f7cd" testName="RhPortal.Api.Tests.Modules.ModuleCatalogTests.Exists_RetornaFalseParaChaveInexistente" computerName="MacBook-Air-de-Lucas" duration="00:00:00.0000703" startTime="2026-04-17T09:32:17.2327550-03:00" endTime="2026-04-17T09:32:17.2327550-03:00" testType="13cdc9d9-ddb5-4fa4-a97d-d965ccfc6d4b" outcome="Passed" testListId="8c84fa94-04c1-424b-9868-57a2d4851a1d" relativeResultsDirectory="f3974b37-e1a0-4929-9780-dd7673b25c7c" />
    <UnitTestResult executionId="ef01c861-f2ff-4256-899e-438c1d090dd2" testId="15c5c0ef-30c0-516b-9abd-38ab6daf3abe" testName="RhPortal.Api.Tests.Modules.ModuleCatalogTests.ResolveModuleKey_MapeiaPermissionKeysParaModulos(permissionKey: &quot;roles.manage&quot;, expectedModule: &quot;administracao&quot;)" computerName="MacBook-Air-de-Lucas" duration="00:00:00.0000006" startTime="2026-04-17T09:32:17.2204940-03:00" endTime="2026-04-17T09:32:17.2204940-03:00" testType="13cdc9d9-ddb5-4fa4-a97d-d965ccfc6d4b" outcome="Passed" testListId="8c84fa94-04c1-424b-9868-57a2d4851a1d" relativeResultsDirectory="ef01c861-f2ff-4256-899e-438c1d090dd2" />
    <UnitTestResult executionId="96b93eef-871b-4fda-8f66-e48b47aa7408" testId="a1028f9c-cd83-6475-6845-1a17fb01fd4d" testName="RhPortal.Api.Tests.Modules.TenantModuleServiceTests.GetEnabled_SemRegistros_RetornaTodos" computerName="MacBook-Air-de-Lucas" duration="00:00:00.0002631" startTime="2026-04-17T09:32:17.4808470-03:00" endTime="2026-04-17T09:32:17.4808470-03:00" testType="13cdc9d9-ddb5-4fa4-a97d-d965ccfc6d4b" outcome="Passed" testListId="8c84fa94-04c1-424b-9868-57a2d4851a1d" relativeResultsDirectory="96b93eef-871b-4fda-8f66-e48b47aa7408" />
    <UnitTestResult executionId="ff4c02a3-1ae1-48d0-8512-c6b557ce5277" testId="522b0094-c6c3-4281-d498-378001dd05c9" testName="RhPortal.Api.Tests.Modules.ModuleCatalogTests.ResolveModuleKey_MapeiaPermissionKeysParaModulos(permissionKey: &quot;projetos.view&quot;, expectedModule: &quot;recrutamento&quot;)" computerName="MacBook-Air-de-Lucas" duration="00:00:00.0000007" startTime="2026-04-17T09:32:17.2325280-03:00" endTime="2026-04-17T09:32:17.2325280-03:00" testType="13cdc9d9-ddb5-4fa4-a97d-d965ccfc6d4b" outcome="Passed" testListId="8c84fa94-04c1-424b-9868-57a2d4851a1d" relativeResultsDirectory="ff4c02a3-1ae1-48d0-8512-c6b557ce5277" />
    <UnitTestResult executionId="87d43b12-0af1-4686-b73b-4e696a1ad932" testId="adce79d3-8c0a-8c6d-ea3c-3318e30518e0" testName="RhPortal.Api.Tests.Modules.ModuleCatalogTests.ResolveModuleKey_MapeiaPermissionKeysParaModulos(permissionKey: &quot;departments.view&quot;, expectedModule: &quot;cadastros&quot;)" computerName="MacBook-Air-de-Lucas" duration="00:00:00.0000006" startTime="2026-04-17T09:32:17.2324930-03:00" endTime="2026-04-17T09:32:17.2324930-03:00" testType="13cdc9d9-ddb5-4fa4-a97d-d965ccfc6d4b" outcome="Passed" testListId="8c84fa94-04c1-424b-9868-57a2d4851a1d" relativeResultsDirectory="87d43b12-0af1-4686-b73b-4e696a1ad932" />
    <UnitTestResult executionId="c2e77b2b-90df-4572-86e9-bb8fedc4b66a" testId="869f7cd8-fb2a-c19c-0dc1-6d6b9e02b488" testName="RhPortal.Api.Tests.Modules.ModuleCatalogTests.ResolveModuleKey_MapeiaPermissionKeysParaModulos(permissionKey: &quot;entrada.view&quot;, expectedModule: &quot;portal-vagas&quot;)" computerName="MacBook-Air-de-Lucas" duration="00:00:00.0000011" startTime="2026-04-17T09:32:17.2292170-03:00" endTime="2026-04-17T09:32:17.2292170-03:00" testType="13cdc9d9-ddb5-4fa4-a97d-d965ccfc6d4b" outcome="Passed" testListId="8c84fa94-04c1-424b-9868-57a2d4851a1d" relativeResultsDirectory="c2e77b2b-90df-4572-86e9-bb8fedc4b66a" />
    <UnitTestResult executionId="a1b35874-21f3-42a2-b5c8-7a4a9e3b699d" testId="3d58a4fc-6e54-8034-36ef-2ee1138af156" testName="RhPortal.Api.Tests.Modules.ModuleCatalogTests.ResolveModuleKey_MapeiaPermissionKeysParaModulos(permissionKey: &quot;email-config.manage&quot;, expectedModule: &quot;configuracoes&quot;)" computerName="MacBook-Air-de-Lucas" duration="00:00:00.0000020" startTime="2026-04-17T09:32:17.2204520-03:00" endTime="2026-04-17T09:32:17.2204520-03:00" testType="13cdc9d9-ddb5-4fa4-a97d-d965ccfc6d4b" outcome="Passed" testListId="8c84fa94-04c1-424b-9868-57a2d4851a1d" relativeResultsDirectory="a1b35874-21f3-42a2-b5c8-7a4a9e3b699d" />
    <UnitTestResult executionId="a7d71109-d63d-41eb-86c2-1e3f75ea8996" testId="0de46dc4-bf8d-81ed-6b90-7285136625a6" testName="RhPortal.Api.Tests.Modules.ModuleCatalogTests.ResolveModuleKey_MapeiaPermissionKeysParaModulos(permissionKey: &quot;dashboard.view&quot;, expectedModule: &quot;dashboard&quot;)" computerName="MacBook-Air-de-Lucas" duration="00:00:00.0000007" startTime="2026-04-17T09:32:17.2324810-03:00" endTime="2026-04-17T09:32:17.2324810-03:00" testType="13cdc9d9-ddb5-4fa4-a97d-d965ccfc6d4b" outcome="Passed" testListId="8c84fa94-04c1-424b-9868-57a2d4851a1d" relativeResultsDirectory="a7d71109-d63d-41eb-86c2-1e3f75ea8996" />
    <UnitTestResult executionId="313e4c68-b746-408b-9bf5-28e9cf3e17df" testId="ca792e35-feb1-2568-019a-c33e4af26400" testName="RhPortal.Api.Tests.Modules.ModuleCatalogTests.ResolveModuleKey_MapeiaPermissionKeysParaModulos(permissionKey: &quot;areas.view&quot;, expectedModule: &quot;cadastros&quot;)" computerName="MacBook-Air-de-Lucas" duration="00:00:00.0000007" startTime="2026-04-17T09:32:17.2291220-03:00" endTime="2026-04-17T09:32:17.2291220-03:00" testType="13cdc9d9-ddb5-4fa4-a97d-d965ccfc6d4b" outcome="Passed" testListId="8c84fa94-04c1-424b-9868-57a2d4851a1d" relativeResultsDirectory="313e4c68-b746-408b-9bf5-28e9cf3e17df" />
    <UnitTestResult executionId="998224cf-507a-4964-bcb5-d82b74484599" testId="72ea5af3-a108-279a-2a9e-d5c379dbc24c" testName="RhPortal.Api.Tests.Modules.ModuleCatalogTests.ResolveModuleKey_MapeiaPermissionKeysParaModulos(permissionKey: &quot;users.read&quot;, expectedModule: &quot;administracao&quot;)" computerName="MacBook-Air-de-Lucas" duration="00:00:00.0000005" startTime="2026-04-17T09:32:17.2292680-03:00" endTime="2026-04-17T09:32:17.2292680-03:00" testType="13cdc9d9-ddb5-4fa4-a97d-d965ccfc6d4b" outcome="Passed" testListId="8c84fa94-04c1-424b-9868-57a2d4851a1d" relativeResultsDirectory="998224cf-507a-4964-bcb5-d82b74484599" />
    <UnitTestResult executionId="aaf621d3-0388-4b3a-8765-810c11b205f9" testId="0a5a02ea-5a92-13ee-e8e6-a923ebf313b5" testName="RhPortal.Api.Tests.Modules.TenantModuleServiceTests.Set_SegundaVez_AtualizaRegistroExistente" computerName="MacBook-Air-de-Lucas" duration="00:00:00.0049427" startTime="2026-04-17T09:32:17.4780590-03:00" endTime="2026-04-17T09:32:17.4780590-03:00" testType="13cdc9d9-ddb5-4fa4-a97d-d965ccfc6d4b" outcome="Passed" testListId="8c84fa94-04c1-424b-9868-57a2d4851a1d" relativeResultsDirectory="aaf621d3-0388-4b3a-8765-810c11b205f9" />
    <UnitTestResult executionId="9d6c3880-de28-4611-ac80-04648032ab53" testId="d41e4a98-1468-9125-38b9-5db25a02c291" testName="RhPortal.Api.Tests.Modules.TenantModuleServiceTests.List_IgnoraRegistrosDeOutroTenant" computerName="MacBook-Air-de-Lucas" duration="00:00:00.0003646" startTime="2026-04-17T09:32:17.4805710-03:00" endTime="2026-04-17T09:32:17.4805710-03:00" testType="13cdc9d9-ddb5-4fa4-a97d-d965ccfc6d4b" outcome="Passed" testListId="8c84fa94-04c1-424b-9868-57a2d4851a1d" relativeResultsDirectory="9d6c3880-de28-4611-ac80-04648032ab53" />
    <UnitTestResult executionId="5f089c75-b789-4280-9f1b-772e4a5a5f17" testId="a57acca8-8750-1ddb-5779-ea0623f63121" testName="RhPortal.Api.Tests.Modules.ModuleCatalogTests.ResolveModuleKey_RetornaNullParaPermissionKeyInexistente" computerName="MacBook-Air-de-Lucas" duration="00:00:00.0000177" startTime="2026-04-17T09:32:17.2327250-03:00" endTime="2026-04-17T09:32:17.2327250-03:00" testType="13cdc9d9-ddb5-4fa4-a97d-d965ccfc6d4b" outcome="Passed" testListId="8c84fa94-04c1-424b-9868-57a2d4851a1d" relativeResultsDirectory="5f089c75-b789-4280-9f1b-772e4a5a5f17" />
    <UnitTestResult executionId="235d84d2-0ef1-4a22-859a-58d1c55e8e53" testId="d56ea2a2-ac2f-4bfe-520d-d0566b4c47f5" testName="RhPortal.Api.Tests.Modules.ModuleCatalogTests.ResolveModuleKey_MapeiaPermissionKeysParaModulos(permissionKey: &quot;aprovacoes-vaga.view&quot;, expectedModule: &quot;recrutamento&quot;)" computerName="MacBook-Air-de-Lucas" duration="00:00:00.0000009" startTime="2026-04-17T09:32:17.2205060-03:00" endTime="2026-04-17T09:32:17.2205060-03:00" testType="13cdc9d9-ddb5-4fa4-a97d-d965ccfc6d4b" outcome="Passed" testListId="8c84fa94-04c1-424b-9868-57a2d4851a1d" relativeResultsDirectory="235d84d2-0ef1-4a22-859a-58d1c55e8e53" />
    <UnitTestResult executionId="b972d182-28c0-46a2-b4d4-ea2de616dfb2" testId="ba0f8486-2494-22f4-4942-1c36ba69f42d" testName="RhPortal.Api.Tests.Modules.ModuleCatalogTests.ResolveModuleKey_MapeiaPermissionKeysParaModulos(permissionKey: &quot;admissao.view&quot;, expectedModule: &quot;admissao&quot;)" computerName="MacBook-Air-de-Lucas" duration="00:00:00.0005012" startTime="2026-04-17T09:32:17.2203390-03:00" endTime="2026-04-17T09:32:17.2203390-03:00" testType="13cdc9d9-ddb5-4fa4-a97d-d965ccfc6d4b" outcome="Passed" testListId="8c84fa94-04c1-424b-9868-57a2d4851a1d" relativeResultsDirectory="b972d182-28c0-46a2-b4d4-ea2de616dfb2" />
    <UnitTestResult executionId="58a3d4c5-d69d-430c-9516-d0bee59eb115" testId="78f9115c-c6ab-28c5-5d1f-5127cf113d0b" testName="RhPortal.Api.Tests.Modules.ModuleCatalogTests.ResolveModuleKey_MapeiaPermissionKeysParaModulos(permissionKey: &quot;menus.manage&quot;, expectedModule: &quot;administracao&quot;)" computerName="MacBook-Air-de-Lucas" duration="00:00:00.0000004" startTime="2026-04-17T09:32:17.2292420-03:00" endTime="2026-04-17T09:32:17.2292420-03:00" testType="13cdc9d9-ddb5-4fa4-a97d-d965ccfc6d4b" outcome="Passed" testListId="8c84fa94-04c1-424b-9868-57a2d4851a1d" relativeResultsDirectory="58a3d4c5-d69d-430c-9516-d0bee59eb115" />
    <UnitTestResult executionId="ffcc4c69-4980-48b3-a569-d4c3db58be48" testId="a73cb286-5636-b480-f3dc-dce87c7941e5" testName="RhPortal.Api.Tests.Modules.ModuleCatalogTests.ResolveModuleKey_MapeiaPermissionKeysParaModulos(permissionKey: &quot;funcionarios.view&quot;, expectedModule: &quot;cadastros&quot;)" computerName="MacBook-Air-de-Lucas" duration="00:00:00.0000007" startTime="2026-04-17T09:32:17.2292300-03:00" endTime="2026-04-17T09:32:17.2292300-03:00" testType="13cdc9d9-ddb5-4fa4-a97d-d965ccfc6d4b" outcome="Passed" testListId="8c84fa94-04c1-424b-9868-57a2d4851a1d" relativeResultsDirectory="ffcc4c69-4980-48b3-a569-d4c3db58be48" />
    <UnitTestResult executionId="760e0bcc-354a-4d4f-8369-44e0aebe01a7" testId="6895b5ec-dca7-4570-f146-931124a6d625" testName="RhPortal.Api.Tests.Modules.TenantModuleServiceTests.List_ComRegistroDesabilitadoParaOpcional_RefleteStatus" computerName="MacBook-Air-de-Lucas" duration="00:00:00.0008928" startTime="2026-04-17T09:32:17.4700820-03:00" endTime="2026-04-17T09:32:17.4700820-03:00" testType="13cdc9d9-ddb5-4fa4-a97d-d965ccfc6d4b" outcome="Passed" testListId="8c84fa94-04c1-424b-9868-57a2d4851a1d" relativeResultsDirectory="760e0bcc-354a-4d4f-8369-44e0aebe01a7" />
    <UnitTestResult executionId="c04e205d-22a5-40be-b74b-2de3cfe1fffe" testId="2400383f-3b5c-b220-a2b2-f0c23e8e05f3" testName="RhPortal.Api.Tests.Modules.ModuleCatalogTests.All_ContemOsModulosCoreObrigatorios" computerName="MacBook-Air-de-Lucas" duration="00:00:00.0003229" startTime="2026-04-17T09:32:17.2326950-03:00" endTime="2026-04-17T09:32:17.2326950-03:00" testType="13cdc9d9-ddb5-4fa4-a97d-d965ccfc6d4b" outcome="Passed" testListId="8c84fa94-04c1-424b-9868-57a2d4851a1d" relativeResultsDirectory="c04e205d-22a5-40be-b74b-2de3cfe1fffe" />
    <UnitTestResult executionId="d790bc84-c158-44c4-a174-53f3babfa506" testId="06af152a-8286-2c99-a0fe-99052330e715" testName="RhPortal.Api.Tests.Modules.ModuleCatalogTests.ResolveModuleKey_MapeiaPermissionKeysParaModulos(permissionKey: &quot;processo-seletivo.view&quot;, expectedModule: &quot;recrutamento&quot;)" computerName="MacBook-Air-de-Lucas" duration="00:00:00.0000008" startTime="2026-04-17T09:32:17.2324690-03:00" endTime="2026-04-17T09:32:17.2324690-03:00" testType="13cdc9d9-ddb5-4fa4-a97d-d965ccfc6d4b" outcome="Passed" testListId="8c84fa94-04c1-424b-9868-57a2d4851a1d" relativeResultsDirectory="d790bc84-c158-44c4-a174-53f3babfa506" />
    <UnitTestResult executionId="7aa1cdaa-31f7-47c5-a53c-40fcc9aa55d7" testId="d32c6ac3-8010-5897-386a-1d71900ac10f" testName="RhPortal.Api.Tests.Modules.ModuleCatalogTests.ResolveModuleKey_MapeiaPermissionKeysParaModulos(permissionKey: &quot;vagas.view&quot;, expectedModule: &quot;recrutamento&quot;)" computerName="MacBook-Air-de-Lucas" duration="00:00:00.0000006" startTime="2026-04-17T09:32:17.2326670-03:00" endTime="2026-04-17T09:32:17.2326670-03:00" testType="13cdc9d9-ddb5-4fa4-a97d-d965ccfc6d4b" outcome="Passed" testListId="8c84fa94-04c1-424b-9868-57a2d4851a1d" relativeResultsDirectory="7aa1cdaa-31f7-47c5-a53c-40fcc9aa55d7" />
    <UnitTestResult executionId="ed1163d4-4a61-42b3-ac09-96103ce7367f" testId="030c631f-8475-2ff7-21fa-7a4c8ecb5ef3" testName="RhPortal.Api.Tests.Modules.TenantModuleServiceTests.List_SemRegistros_RetornaTodosDoCatalogoHabilitados" computerName="MacBook-Air-de-Lucas" duration="00:00:00.0006242" startTime="2026-04-17T09:32:17.4787280-03:00" endTime="2026-04-17T09:32:17.4787280-03:00" testType="13cdc9d9-ddb5-4fa4-a97d-d965ccfc6d4b" outcome="Passed" testListId="8c84fa94-04c1-424b-9868-57a2d4851a1d" relativeResultsDirectory="ed1163d4-4a61-42b3-ac09-96103ce7367f" />
    <UnitTestResult executionId="d9095a8c-073f-43f6-9c4c-1185727f74bc" testId="4f98a430-8da9-7f2a-e8f6-1a78bb728cb6" testName="RhPortal.Api.Tests.Modules.ModuleCatalogTests.GetByKey_RetornaNullParaInexistente" computerName="MacBook-Air-de-Lucas" duration="00:00:00.0000353" startTime="2026-04-17T09:32:17.2327100-03:00" endTime="2026-04-17T09:32:17.2327100-03:00" testType="13cdc9d9-ddb5-4fa4-a97d-d965ccfc6d4b" outcome="Passed" testListId="8c84fa94-04c1-424b-9868-57a2d4851a1d" relativeResultsDirectory="d9095a8c-073f-43f6-9c4c-1185727f74bc" />
    <UnitTestResult executionId="b229ed34-b786-4a3b-bb09-f57557c0d82c" testId="d138c463-3055-14eb-e8a7-09da219eaf97" testName="RhPortal.Api.Tests.Modules.ModuleCatalogTests.ModulosOpcionais_NaoEstaoMarcadosComoIsCore" computerName="MacBook-Air-de-Lucas" duration="00:00:00.0000658" startTime="2026-04-17T09:32:17.2327690-03:00" endTime="2026-04-17T09:32:17.2327690-03:00" testType="13cdc9d9-ddb5-4fa4-a97d-d965ccfc6d4b" outcome="Passed" testListId="8c84fa94-04c1-424b-9868-57a2d4851a1d" relativeResultsDirectory="b229ed34-b786-4a3b-bb09-f57557c0d82c" />
    <UnitTestResult executionId="f669c631-0fc1-4931-bcc8-40aa9ba90285" testId="ea11848e-d749-1930-4786-c6355d9e6aee" testName="RhPortal.Api.Tests.Modules.TenantModuleServiceTests.Set_HabilitarCore_Permitido" computerName="MacBook-Air-de-Lucas" duration="00:00:00.0003201" startTime="2026-04-17T09:32:17.4790710-03:00" endTime="2026-04-17T09:32:17.4790710-03:00" testType="13cdc9d9-ddb5-4fa4-a97d-d965ccfc6d4b" outcome="Passed" testListId="8c84fa94-04c1-424b-9868-57a2d4851a1d" relativeResultsDirectory="f669c631-0fc1-4931-bcc8-40aa9ba90285" />
    <UnitTestResult executionId="669ea587-ed32-4c14-b577-f547fd606dd2" testId="76834f4a-dfdd-f422-0399-bdf8624aa11f" testName="RhPortal.Api.Tests.Modules.ModuleCatalogTests.ResolveModuleKey_MapeiaPermissionKeysParaModulos(permissionKey: &quot;gestao.dashboard&quot;, expectedModule: &quot;gestao&quot;)" computerName="MacBook-Air-de-Lucas" duration="00:00:00.0000014" startTime="2026-04-17T09:32:17.2204820-03:00" endTime="2026-04-17T09:32:17.2204820-03:00" testType="13cdc9d9-ddb5-4fa4-a97d-d965ccfc6d4b" outcome="Passed" testListId="8c84fa94-04c1-424b-9868-57a2d4851a1d" relativeResultsDirectory="669ea587-ed32-4c14-b577-f547fd606dd2" />
    <UnitTestResult executionId="183d6ef8-94b1-4cf8-b155-a61af78a88ad" testId="dc19c8d1-c785-68cd-09c5-4ceb894c6c20" testName="RhPortal.Api.Tests.Modules.ModuleCatalogTests.ResolveModuleKey_MapeiaPermissionKeysParaModulos(permissionKey: &quot;portalvagas.view&quot;, expectedModule: &quot;portal-vagas&quot;)" computerName="MacBook-Air-de-Lucas" duration="00:00:00.0000008" startTime="2026-04-17T09:32:17.2325160-03:00" endTime="2026-04-17T09:32:17.2325160-03:00" testType="13cdc9d9-ddb5-4fa4-a97d-d965ccfc6d4b" outcome="Passed" testListId="8c84fa94-04c1-424b-9868-57a2d4851a1d" relativeResultsDirectory="183d6ef8-94b1-4cf8-b155-a61af78a88ad" />
    <UnitTestResult executionId="c2c155c7-e119-4e00-86cf-67b1c37b5901" testId="c98ddaae-4d1e-7025-8e0a-2783102d2d33" testName="RhPortal.Api.Tests.Modules.ModuleCatalogTests.ResolveModuleKey_MapeiaPermissionKeysParaModulos(permissionKey: &quot;matching.view&quot;, expectedModule: &quot;matching&quot;)" computerName="MacBook-Air-de-Lucas" duration="00:00:00.0000007" startTime="2026-04-17T09:32:17.2324560-03:00" endTime="2026-04-17T09:32:17.2324560-03:00" testType="13cdc9d9-ddb5-4fa4-a97d-d965ccfc6d4b" outcome="Passed" testListId="8c84fa94-04c1-424b-9868-57a2d4851a1d" relativeResultsDirectory="c2c155c7-e119-4e00-86cf-67b1c37b5901" />
    <UnitTestResult executionId="1084450c-0a43-4a9d-8ab5-627e80bab161" testId="d5031551-9eac-fa83-5559-a97f2d334671" testName="RhPortal.Api.Tests.Modules.ModuleCatalogTests.ResolveModuleKey_MapeiaPermissionKeysParaModulos(permissionKey: &quot;entra-config.manage&quot;, expectedModule: &quot;configuracoes&quot;)" computerName="MacBook-Air-de-Lucas" duration="00:00:00.0000008" startTime="2026-04-17T09:32:17.2325390-03:00" endTime="2026-04-17T09:32:17.2325390-03:00" testType="13cdc9d9-ddb5-4fa4-a97d-d965ccfc6d4b" outcome="Passed" testListId="8c84fa94-04c1-424b-9868-57a2d4851a1d" relativeResultsDirectory="1084450c-0a43-4a9d-8ab5-627e80bab161" />
    <UnitTestResult executionId="9f660f21-07d2-49e1-82bd-fc2a3dadd299" testId="aa044ce7-f7e6-79e1-82a5-3e05a4c72668" testName="RhPortal.Api.Tests.Modules.ModuleCatalogTests.ResolveModuleKey_MapeiaPermissionKeysParaModulos(permissionKey: &quot;audit.view&quot;, expectedModule: &quot;administracao&quot;)" computerName="MacBook-Air-de-Lucas" duration="00:00:00.0000004" startTime="2026-04-17T09:32:17.2292790-03:00" endTime="2026-04-17T09:32:17.2292790-03:00" testType="13cdc9d9-ddb5-4fa4-a97d-d965ccfc6d4b" outcome="Passed" testListId="8c84fa94-04c1-424b-9868-57a2d4851a1d" relativeResultsDirectory="9f660f21-07d2-49e1-82bd-fc2a3dadd299" />
    <UnitTestResult executionId="89fc0378-a81f-4126-9db4-5c2cc97fb478" testId="760c8f00-cf40-0b01-6331-d4ec7d33c439" testName="RhPortal.Api.Tests.Modules.TenantModuleServiceTests.GetEnabled_CoreSempreAtivo" computerName="MacBook-Air-de-Lucas" duration="00:00:00.1978600" startTime="2026-04-17T09:32:17.4454800-03:00" endTime="2026-04-17T09:32:17.4454800-03:00" testType="13cdc9d9-ddb5-4fa4-a97d-d965ccfc6d4b" outcome="Passed" testListId="8c84fa94-04c1-424b-9868-57a2d4851a1d" relativeResultsDirectory="89fc0378-a81f-4126-9db4-5c2cc97fb478" />
    <UnitTestResult executionId="8591df01-1c43-48db-8f1d-154a272018f3" testId="faa8602e-e881-717f-eb73-38107322dc97" testName="RhPortal.Api.Tests.Modules.TenantModuleServiceTests.Set_ModuloInexistente_RetornaNull" computerName="MacBook-Air-de-Lucas" duration="00:00:00.0311903" startTime="2026-04-17T09:32:17.2475490-03:00" endTime="2026-04-17T09:32:17.2475490-03:00" testType="13cdc9d9-ddb5-4fa4-a97d-d965ccfc6d4b" outcome="Passed" testListId="8c84fa94-04c1-424b-9868-57a2d4851a1d" relativeResultsDirectory="8591df01-1c43-48db-8f1d-154a272018f3" />
    <UnitTestResult executionId="b3427d7a-90b7-4715-8b0e-e5f37e778801" testId="f51cc1ea-3cb9-2b55-3fc9-cea3f7d094c5" testName="RhPortal.Api.Tests.Modules.ModuleCatalogTests.GetByKey_ECaseInsensitive" computerName="MacBook-Air-de-Lucas" duration="00:00:00.0000345" startTime="2026-04-17T09:32:17.2327400-03:00" endTime="2026-04-17T09:32:17.2327400-03:00" testType="13cdc9d9-ddb5-4fa4-a97d-d965ccfc6d4b" outcome="Passed" testListId="8c84fa94-04c1-424b-9868-57a2d4851a1d" relativeResultsDirectory="b3427d7a-90b7-4715-8b0e-e5f37e778801" />
    <UnitTestResult executionId="a0a414df-20e1-44e2-b0c3-2148c01a67c8" testId="d9a490b9-9b7c-cef4-6be3-f63a27dba552" testName="RhPortal.Api.Tests.Modules.ModuleCatalogTests.ResolveModuleKey_MapeiaPermissionKeysParaModulos(permissionKey: &quot;feedback.send&quot;, expectedModule: &quot;feedback&quot;)" computerName="MacBook-Air-de-Lucas" duration="00:00:00.0000599" startTime="2026-04-17T09:32:17.2204360-03:00" endTime="2026-04-17T09:32:17.2204360-03:00" testType="13cdc9d9-ddb5-4fa4-a97d-d965ccfc6d4b" outcome="Passed" testListId="8c84fa94-04c1-424b-9868-57a2d4851a1d" relativeResultsDirectory="a0a414df-20e1-44e2-b0c3-2148c01a67c8" />
    <UnitTestResult executionId="17540a18-2291-40f8-b4d2-d9da330b1a5b" testId="e67ba2f5-1269-80a0-01d0-e90dbf93f569" testName="RhPortal.Api.Tests.Modules.ModuleCatalogTests.All_NaoContemChavesDuplicadas" computerName="MacBook-Air-de-Lucas" duration="00:00:00.0008524" startTime="2026-04-17T09:32:17.2329250-03:00" endTime="2026-04-17T09:32:17.2329250-03:00" testType="13cdc9d9-ddb5-4fa4-a97d-d965ccfc6d4b" outcome="Passed" testListId="8c84fa94-04c1-424b-9868-57a2d4851a1d" relativeResultsDirectory="17540a18-2291-40f8-b4d2-d9da330b1a5b" />
    <UnitTestResult executionId="9ea78e8b-1a24-42b6-b913-20a2e310ca40" testId="aef91026-22e5-0239-9dc7-ecdeeb196a1a" testName="RhPortal.Api.Tests.Modules.TenantModuleServiceTests.EnsureDefaults_TenantNovo_CriaRegistrosParaTodosOsModulos" computerName="MacBook-Air-de-Lucas" duration="00:00:00.0020417" startTime="2026-04-17T09:32:17.4726900-03:00" endTime="2026-04-17T09:32:17.4726900-03:00" testType="13cdc9d9-ddb5-4fa4-a97d-d965ccfc6d4b" outcome="Passed" testListId="8c84fa94-04c1-424b-9868-57a2d4851a1d" relativeResultsDirectory="9ea78e8b-1a24-42b6-b913-20a2e310ca40" />
    <UnitTestResult executionId="d96d76ac-67fe-4929-a552-ff07cba9bc0a" testId="07bbb0b4-eccc-cfb7-c024-c62884e81821" testName="RhPortal.Api.Tests.Modules.TenantModuleServiceTests.GetEnabled_ComModuloDesabilitado_ExcluiDoSet" computerName="MacBook-Air-de-Lucas" duration="00:00:00.0005240" startTime="2026-04-17T09:32:17.4706250-03:00" endTime="2026-04-17T09:32:17.4706250-03:00" testType="13cdc9d9-ddb5-4fa4-a97d-d965ccfc6d4b" outcome="Passed" testListId="8c84fa94-04c1-424b-9868-57a2d4851a1d" relativeResultsDirectory="d96d76ac-67fe-4929-a552-ff07cba9bc0a" />
    <UnitTestResult executionId="19e1931b-1a8e-4075-8e5b-98645199c9cd" testId="a1265c22-5125-ac61-0794-b69bcb5ce9c4" testName="RhPortal.Api.Tests.Modules.ModuleCatalogTests.ResolveModuleKey_MapeiaPermissionKeysParaModulos(permissionKey: &quot;localization-config.manage&quot;, expectedModule: &quot;configuracoes&quot;)" computerName="MacBook-Air-de-Lucas" duration="00:00:00.0000006" startTime="2026-04-17T09:32:17.2326800-03:00" endTime="2026-04-17T09:32:17.2326800-03:00" testType="13cdc9d9-ddb5-4fa4-a97d-d965ccfc6d4b" outcome="Passed" testListId="8c84fa94-04c1-424b-9868-57a2d4851a1d" relativeResultsDirectory="19e1931b-1a8e-4075-8e5b-98645199c9cd" />
    <UnitTestResult executionId="dbb7b47f-56b3-45ee-8909-3e887bbc0511" testId="4da75be3-7cec-1816-322c-67d238cbe012" testName="RhPortal.Api.Tests.Modules.ModuleCatalogTests.All_ContemOsModulosOpcionaisEsperados" computerName="MacBook-Air-de-Lucas" duration="00:00:00.0000931" startTime="2026-04-17T09:32:17.2329100-03:00" endTime="2026-04-17T09:32:17.2329100-03:00" testType="13cdc9d9-ddb5-4fa4-a97d-d965ccfc6d4b" outcome="Passed" testListId="8c84fa94-04c1-424b-9868-57a2d4851a1d" relativeResultsDirectory="dbb7b47f-56b3-45ee-8909-3e887bbc0511" />
    <UnitTestResult executionId="f582a389-560d-4b3b-8065-6aedcd92341b" testId="2ac6fc82-f71f-5cc1-c930-edee227bd866" testName="RhPortal.Api.Tests.Modules.TenantModuleServiceTests.EnsureDefaults_ComRegistroExistente_NaoSobrescreve" computerName="MacBook-Air-de-Lucas" duration="00:00:00.0162284" startTime="2026-04-17T09:32:17.4617560-03:00" endTime="2026-04-17T09:32:17.4617560-03:00" testType="13cdc9d9-ddb5-4fa4-a97d-d965ccfc6d4b" outcome="Passed" testListId="8c84fa94-04c1-424b-9868-57a2d4851a1d" relativeResultsDirectory="f582a389-560d-4b3b-8065-6aedcd92341b" />
    <UnitTestResult executionId="be12fca1-87a9-41f1-a456-1120144d7ffc" testId="4bb043b1-e059-9d43-cb7d-df7396a25c9d" testName="RhPortal.Api.Tests.Modules.TenantModuleServiceTests.List_ForcaCoreAtivoMesmoSeRegistroEstiverFalso" computerName="MacBook-Air-de-Lucas" duration="00:00:00.0003717" startTime="2026-04-17T09:32:17.4730770-03:00" endTime="2026-04-17T09:32:17.4730770-03:00" testType="13cdc9d9-ddb5-4fa4-a97d-d965ccfc6d4b" outcome="Passed" testListId="8c84fa94-04c1-424b-9868-57a2d4851a1d" relativeResultsDirectory="be12fca1-87a9-41f1-a456-1120144d7ffc" />
    <UnitTestResult executionId="cd1d81dc-3301-4b6b-90fa-f69c7f83724a" testId="4ac0de13-ccd8-2bc2-41b0-86c5e15c98db" testName="RhPortal.Api.Tests.Modules.ModuleCatalogTests.ResolveModuleKey_MapeiaPermissionKeysParaModulos(permissionKey: &quot;candidatos.view&quot;, expectedModule: &quot;candidatos&quot;)" computerName="MacBook-Air-de-Lucas" duration="00:00:00.0000008" startTime="2026-04-17T09:32:17.2325040-03:00" endTime="2026-04-17T09:32:17.2325040-03:00" testType="13cdc9d9-ddb5-4fa4-a97d-d965ccfc6d4b" outcome="Passed" testListId="8c84fa94-04c1-424b-9868-57a2d4851a1d" relativeResultsDirectory="cd1d81dc-3301-4b6b-90fa-f69c7f83724a" />
    <UnitTestResult executionId="916e0660-3ea6-4bce-9c8c-1343c659f677" testId="e9e14ca0-c03a-cff5-0b5b-68fba421d067" testName="RhPortal.Api.Tests.Modules.ModuleCatalogTests.ResolveModuleKey_RetornaNullParaInputVazio" computerName="MacBook-Air-de-Lucas" duration="00:00:00.0000170" startTime="2026-04-17T09:32:17.2328950-03:00" endTime="2026-04-17T09:32:17.2328950-03:00" testType="13cdc9d9-ddb5-4fa4-a97d-d965ccfc6d4b" outcome="Passed" testListId="8c84fa94-04c1-424b-9868-57a2d4851a1d" relativeResultsDirectory="916e0660-3ea6-4bce-9c8c-1343c659f677" />
    <UnitTestResult executionId="9743adbf-8c72-4128-a64c-3710cf23970c" testId="3169f320-b49c-ae74-4ac3-8ad6b0c96878" testName="RhPortal.Api.Tests.Modules.TenantModuleServiceTests.EnsureDefaults_Idempotente" computerName="MacBook-Air-de-Lucas" duration="00:00:00.0070888" startTime="2026-04-17T09:32:17.4688800-03:00" endTime="2026-04-17T09:32:17.4688800-03:00" testType="13cdc9d9-ddb5-4fa4-a97d-d965ccfc6d4b" outcome="Passed" testListId="8c84fa94-04c1-424b-9868-57a2d4851a1d" relativeResultsDirectory="9743adbf-8c72-4128-a64c-3710cf23970c" />
    <UnitTestResult executionId="a1318f86-5b44-4637-92c8-4e957b33f045" testId="05b9875e-0046-ca90-5120-df3dcc735397" testName="RhPortal.Api.Tests.Modules.TenantModuleServiceTests.Set_DesabilitarCore_LancaInvalidOperation" computerName="MacBook-Air-de-Lucas" duration="00:00:00.0034165" startTime="2026-04-17T09:32:17.4847820-03:00" endTime="2026-04-17T09:32:17.4847820-03:00" testType="13cdc9d9-ddb5-4fa4-a97d-d965ccfc6d4b" outcome="Passed" testListId="8c84fa94-04c1-424b-9868-57a2d4851a1d" relativeResultsDirectory="a1318f86-5b44-4637-92c8-4e957b33f045" />
    <UnitTestResult executionId="9e9b69a0-abcf-4438-9263-9a8759e9dd5a" testId="c6728766-a159-d595-c2b5-40452b2cebe3" testName="RhPortal.Api.Tests.Modules.ModuleCatalogTests.ResolveModuleKey_MapeiaPermissionKeysParaModulos(permissionKey: &quot;solicitacoes-vaga.view&quot;, expectedModule: &quot;recrutamento&quot;)" computerName="MacBook-Air-de-Lucas" duration="00:00:00.0000008" startTime="2026-04-17T09:32:17.2324410-03:00" endTime="2026-04-17T09:32:17.2324410-03:00" testType="13cdc9d9-ddb5-4fa4-a97d-d965ccfc6d4b" outcome="Passed" testListId="8c84fa94-04c1-424b-9868-57a2d4851a1d" relativeResultsDirectory="9e9b69a0-abcf-4438-9263-9a8759e9dd5a" />
    <UnitTestResult executionId="314d6806-5b79-4512-af4f-7dd8b827df44" testId="bfeef31c-6713-26d1-eeee-982413221fd8" testName="RhPortal.Api.Tests.Modules.ModuleCatalogTests.Exists_RetornaTrueParaChaveExistente" computerName="MacBook-Air-de-Lucas" duration="00:00:00.0000300" startTime="2026-04-17T09:32:17.2327830-03:00" endTime="2026-04-17T09:32:17.2327830-03:00" testType="13cdc9d9-ddb5-4fa4-a97d-d965ccfc6d4b" outcome="Passed" testListId="8c84fa94-04c1-424b-9868-57a2d4851a1d" relativeResultsDirectory="314d6806-5b79-4512-af4f-7dd8b827df44" />
    <UnitTestResult executionId="99fba4a4-6b22-4f62-a815-bfcb06e38319" testId="ae57633e-adfc-7496-6686-81c1ba5d3319" testName="RhPortal.Api.Tests.Modules.TenantModuleServiceTests.Set_PrimeiraVezParaOpcional_CriaRegistroComOwnerId" computerName="MacBook-Air-de-Lucas" duration="00:00:00.0004861" startTime="2026-04-17T09:32:17.4813520-03:00" endTime="2026-04-17T09:32:17.4813520-03:00" testType="13cdc9d9-ddb5-4fa4-a97d-d965ccfc6d4b" outcome="Passed" testListId="8c84fa94-04c1-424b-9868-57a2d4851a1d" relativeResultsDirectory="99fba4a4-6b22-4f62-a815-bfcb06e38319" />
    <UnitTestResult executionId="6763ce6b-d6b4-4413-98e5-e3707b0153d9" testId="36697567-83e6-8044-3395-3648af87dbaf" testName="RhPortal.Api.Tests.Modules.ModuleCatalogTests.ResolveModuleKey_MapeiaPermissionKeysParaModulos(permissionKey: &quot;triagem.view&quot;, expectedModule: &quot;candidatos&quot;)" computerName="MacBook-Air-de-Lucas" duration="00:00:00.0000008" startTime="2026-04-17T09:32:17.2318960-03:00" endTime="2026-04-17T09:32:17.2318960-03:00" testType="13cdc9d9-ddb5-4fa4-a97d-d965ccfc6d4b" outcome="Passed" testListId="8c84fa94-04c1-424b-9868-57a2d4851a1d" relativeResultsDirectory="6763ce6b-d6b4-4413-98e5-e3707b0153d9" />
  </Results>
  <TestDefinitions>
    <UnitTest name="RhPortal.Api.Tests.Modules.TenantModuleServiceTests.GetEnabled_ComModuloDesabilitado_ExcluiDoSet" storage="/users/lmuniz/projetos/rh/voltage.renderrh/rhportal.api/rhportal.api.tests/bin/debug/net8.0/rhportal.api.tests.dll" id="07bbb0b4-eccc-cfb7-c024-c62884e81821">
      <Execution id="d96d76ac-67fe-4929-a552-ff07cba9bc0a" />
      <TestMethod codeBase="/Users/lmuniz/Projetos/RH/Voltage.RenderRH/RHPortal.Api/RHPortal.Api.Tests/bin/Debug/net8.0/RHPortal.Api.Tests.dll" adapterTypeName="executor://xunit/VsTestRunner2/netcoreapp" className="RhPortal.Api.Tests.Modules.TenantModuleServiceTests" name="GetEnabled_ComModuloDesabilitado_ExcluiDoSet" />
    </UnitTest>
    <UnitTest name="RhPortal.Api.Tests.Modules.ModuleCatalogTests.ResolveModuleKey_MapeiaPermissionKeysParaModulos(permissionKey: &quot;entra-config.manage&quot;, expectedModule: &quot;configuracoes&quot;)" storage="/users/lmuniz/projetos/rh/voltage.renderrh/rhportal.api/rhportal.api.tests/bin/debug/net8.0/rhportal.api.tests.dll" id="d5031551-9eac-fa83-5559-a97f2d334671">
      <Execution id="1084450c-0a43-4a9d-8ab5-627e80bab161" />
      <TestMethod codeBase="/Users/lmuniz/Projetos/RH/Voltage.RenderRH/RHPortal.Api/RHPortal.Api.Tests/bin/Debug/net8.0/RHPortal.Api.Tests.dll" adapterTypeName="executor://xunit/VsTestRunner2/netcoreapp" className="RhPortal.Api.Tests.Modules.ModuleCatalogTests" name="ResolveModuleKey_MapeiaPermissionKeysParaModulos" />
    </UnitTest>
    <UnitTest name="RhPortal.Api.Tests.Modules.ModuleCatalogTests.ResolveModuleKey_MapeiaPermissionKeysParaModulos(permissionKey: &quot;feedback.view&quot;, expectedModule: &quot;feedback&quot;)" storage="/users/lmuniz/projetos/rh/voltage.renderrh/rhportal.api/rhportal.api.tests/bin/debug/net8.0/rhportal.api.tests.dll" id="1b8e4638-cb26-ef08-12c1-56bfe8a70069">
      <Execution id="26ec9356-b8b9-418e-8e2e-f69210ccf1a5" />
      <TestMethod codeBase="/Users/lmuniz/Projetos/RH/Voltage.RenderRH/RHPortal.Api/RHPortal.Api.Tests/bin/Debug/net8.0/RHPortal.Api.Tests.dll" adapterTypeName="executor://xunit/VsTestRunner2/netcoreapp" className="RhPortal.Api.Tests.Modules.ModuleCatalogTests" name="ResolveModuleKey_MapeiaPermissionKeysParaModulos" />
    </UnitTest>
    <UnitTest name="RhPortal.Api.Tests.Modules.ModuleCatalogTests.ResolveModuleKey_MapeiaPermissionKeysParaModulos(permissionKey: &quot;processo-seletivo.view&quot;, expectedModule: &quot;recrutamento&quot;)" storage="/users/lmuniz/projetos/rh/voltage.renderrh/rhportal.api/rhportal.api.tests/bin/debug/net8.0/rhportal.api.tests.dll" id="06af152a-8286-2c99-a0fe-99052330e715">
      <Execution id="d790bc84-c158-44c4-a174-53f3babfa506" />
      <TestMethod codeBase="/Users/lmuniz/Projetos/RH/Voltage.RenderRH/RHPortal.Api/RHPortal.Api.Tests/bin/Debug/net8.0/RHPortal.Api.Tests.dll" adapterTypeName="executor://xunit/VsTestRunner2/netcoreapp" className="RhPortal.Api.Tests.Modules.ModuleCatalogTests" name="ResolveModuleKey_MapeiaPermissionKeysParaModulos" />
    </UnitTest>
    <UnitTest name="RhPortal.Api.Tests.Modules.ModuleCatalogTests.ResolveModuleKey_MapeiaPermissionKeysParaModulos(permissionKey: &quot;candidatos.view&quot;, expectedModule: &quot;candidatos&quot;)" storage="/users/lmuniz/projetos/rh/voltage.renderrh/rhportal.api/rhportal.api.tests/bin/debug/net8.0/rhportal.api.tests.dll" id="4ac0de13-ccd8-2bc2-41b0-86c5e15c98db">
      <Execution id="cd1d81dc-3301-4b6b-90fa-f69c7f83724a" />
      <TestMethod codeBase="/Users/lmuniz/Projetos/RH/Voltage.RenderRH/RHPortal.Api/RHPortal.Api.Tests/bin/Debug/net8.0/RHPortal.Api.Tests.dll" adapterTypeName="executor://xunit/VsTestRunner2/netcoreapp" className="RhPortal.Api.Tests.Modules.ModuleCatalogTests" name="ResolveModuleKey_MapeiaPermissionKeysParaModulos" />
    </UnitTest>
    <UnitTest name="RhPortal.Api.Tests.Modules.ModuleCatalogTests.All_ContemOsModulosOpcionaisEsperados" storage="/users/lmuniz/projetos/rh/voltage.renderrh/rhportal.api/rhportal.api.tests/bin/debug/net8.0/rhportal.api.tests.dll" id="4da75be3-7cec-1816-322c-67d238cbe012">
      <Execution id="dbb7b47f-56b3-45ee-8909-3e887bbc0511" />
      <TestMethod codeBase="/Users/lmuniz/Projetos/RH/Voltage.RenderRH/RHPortal.Api/RHPortal.Api.Tests/bin/Debug/net8.0/RHPortal.Api.Tests.dll" adapterTypeName="executor://xunit/VsTestRunner2/netcoreapp" className="RhPortal.Api.Tests.Modules.ModuleCatalogTests" name="All_ContemOsModulosOpcionaisEsperados" />
    </UnitTest>
    <UnitTest name="RhPortal.Api.Tests.Modules.ModuleCatalogTests.ResolveModuleKey_MapeiaPermissionKeysParaModulos(permissionKey: &quot;projetos.view&quot;, expectedModule: &quot;recrutamento&quot;)" storage="/users/lmuniz/projetos/rh/voltage.renderrh/rhportal.api/rhportal.api.tests/bin/debug/net8.0/rhportal.api.tests.dll" id="522b0094-c6c3-4281-d498-378001dd05c9">
      <Execution id="ff4c02a3-1ae1-48d0-8512-c6b557ce5277" />
      <TestMethod codeBase="/Users/lmuniz/Projetos/RH/Voltage.RenderRH/RHPortal.Api/RHPortal.Api.Tests/bin/Debug/net8.0/RHPortal.Api.Tests.dll" adapterTypeName="executor://xunit/VsTestRunner2/netcoreapp" className="RhPortal.Api.Tests.Modules.ModuleCatalogTests" name="ResolveModuleKey_MapeiaPermissionKeysParaModulos" />
    </UnitTest>
    <UnitTest name="RhPortal.Api.Tests.Modules.ModuleCatalogTests.ResolveModuleKey_MapeiaPermissionKeysParaModulos(permissionKey: &quot;menus.manage&quot;, expectedModule: &quot;administracao&quot;)" storage="/users/lmuniz/projetos/rh/voltage.renderrh/rhportal.api/rhportal.api.tests/bin/debug/net8.0/rhportal.api.tests.dll" id="78f9115c-c6ab-28c5-5d1f-5127cf113d0b">
      <Execution id="58a3d4c5-d69d-430c-9516-d0bee59eb115" />
      <TestMethod codeBase="/Users/lmuniz/Projetos/RH/Voltage.RenderRH/RHPortal.Api/RHPortal.Api.Tests/bin/Debug/net8.0/RHPortal.Api.Tests.dll" adapterTypeName="executor://xunit/VsTestRunner2/netcoreapp" className="RhPortal.Api.Tests.Modules.ModuleCatalogTests" name="ResolveModuleKey_MapeiaPermissionKeysParaModulos" />
    </UnitTest>
    <UnitTest name="RhPortal.Api.Tests.Modules.ModuleCatalogTests.ResolveModuleKey_MapeiaPermissionKeysParaModulos(permissionKey: &quot;roles.manage&quot;, expectedModule: &quot;administracao&quot;)" storage="/users/lmuniz/projetos/rh/voltage.renderrh/rhportal.api/rhportal.api.tests/bin/debug/net8.0/rhportal.api.tests.dll" id="15c5c0ef-30c0-516b-9abd-38ab6daf3abe">
      <Execution id="ef01c861-f2ff-4256-899e-438c1d090dd2" />
      <TestMethod codeBase="/Users/lmuniz/Projetos/RH/Voltage.RenderRH/RHPortal.Api/RHPortal.Api.Tests/bin/Debug/net8.0/RHPortal.Api.Tests.dll" adapterTypeName="executor://xunit/VsTestRunner2/netcoreapp" className="RhPortal.Api.Tests.Modules.ModuleCatalogTests" name="ResolveModuleKey_MapeiaPermissionKeysParaModulos" />
    </UnitTest>
    <UnitTest name="RhPortal.Api.Tests.Modules.TenantModuleServiceTests.Set_IsolamentoPorTenant" storage="/users/lmuniz/projetos/rh/voltage.renderrh/rhportal.api/rhportal.api.tests/bin/debug/net8.0/rhportal.api.tests.dll" id="d8eb8240-b7ea-26f2-0d2d-2d6a66e732ac">
      <Execution id="15117ee5-2ee7-46d2-a650-38b8f46bc404" />
      <TestMethod codeBase="/Users/lmuniz/Projetos/RH/Voltage.RenderRH/RHPortal.Api/RHPortal.Api.Tests/bin/Debug/net8.0/RHPortal.Api.Tests.dll" adapterTypeName="executor://xunit/VsTestRunner2/netcoreapp" className="RhPortal.Api.Tests.Modules.TenantModuleServiceTests" name="Set_IsolamentoPorTenant" />
    </UnitTest>
    <UnitTest name="RhPortal.Api.Tests.Modules.TenantModuleServiceTests.GetEnabled_CoreSempreAtivo" storage="/users/lmuniz/projetos/rh/voltage.renderrh/rhportal.api/rhportal.api.tests/bin/debug/net8.0/rhportal.api.tests.dll" id="760c8f00-cf40-0b01-6331-d4ec7d33c439">
      <Execution id="89fc0378-a81f-4126-9db4-5c2cc97fb478" />
      <TestMethod codeBase="/Users/lmuniz/Projetos/RH/Voltage.RenderRH/RHPortal.Api/RHPortal.Api.Tests/bin/Debug/net8.0/RHPortal.Api.Tests.dll" adapterTypeName="executor://xunit/VsTestRunner2/netcoreapp" className="RhPortal.Api.Tests.Modules.TenantModuleServiceTests" name="GetEnabled_CoreSempreAtivo" />
    </UnitTest>
    <UnitTest name="RhPortal.Api.Tests.Modules.ModuleCatalogTests.ResolveModuleKey_MapeiaPermissionKeysParaModulos(permissionKey: &quot;triagem.view&quot;, expectedModule: &quot;candidatos&quot;)" storage="/users/lmuniz/projetos/rh/voltage.renderrh/rhportal.api/rhportal.api.tests/bin/debug/net8.0/rhportal.api.tests.dll" id="36697567-83e6-8044-3395-3648af87dbaf">
      <Execution id="6763ce6b-d6b4-4413-98e5-e3707b0153d9" />
      <TestMethod codeBase="/Users/lmuniz/Projetos/RH/Voltage.RenderRH/RHPortal.Api/RHPortal.Api.Tests/bin/Debug/net8.0/RHPortal.Api.Tests.dll" adapterTypeName="executor://xunit/VsTestRunner2/netcoreapp" className="RhPortal.Api.Tests.Modules.ModuleCatalogTests" name="ResolveModuleKey_MapeiaPermissionKeysParaModulos" />
    </UnitTest>
    <UnitTest name="RhPortal.Api.Tests.Modules.TenantModuleServiceTests.Set_SegundaVez_AtualizaRegistroExistente" storage="/users/lmuniz/projetos/rh/voltage.renderrh/rhportal.api/rhportal.api.tests/bin/debug/net8.0/rhportal.api.tests.dll" id="0a5a02ea-5a92-13ee-e8e6-a923ebf313b5">
      <Execution id="aaf621d3-0388-4b3a-8765-810c11b205f9" />
      <TestMethod codeBase="/Users/lmuniz/Projetos/RH/Voltage.RenderRH/RHPortal.Api/RHPortal.Api.Tests/bin/Debug/net8.0/RHPortal.Api.Tests.dll" adapterTypeName="executor://xunit/VsTestRunner2/netcoreapp" className="RhPortal.Api.Tests.Modules.TenantModuleServiceTests" name="Set_SegundaVez_AtualizaRegistroExistente" />
    </UnitTest>
    <UnitTest name="RhPortal.Api.Tests.Modules.ModuleCatalogTests.ResolveModuleKey_MapeiaPermissionKeysParaModulos(permissionKey: &quot;dashboard.view&quot;, expectedModule: &quot;dashboard&quot;)" storage="/users/lmuniz/projetos/rh/voltage.renderrh/rhportal.api/rhportal.api.tests/bin/debug/net8.0/rhportal.api.tests.dll" id="0de46dc4-bf8d-81ed-6b90-7285136625a6">
      <Execution id="a7d71109-d63d-41eb-86c2-1e3f75ea8996" />
      <TestMethod codeBase="/Users/lmuniz/Projetos/RH/Voltage.RenderRH/RHPortal.Api/RHPortal.Api.Tests/bin/Debug/net8.0/RHPortal.Api.Tests.dll" adapterTypeName="executor://xunit/VsTestRunner2/netcoreapp" className="RhPortal.Api.Tests.Modules.ModuleCatalogTests" name="ResolveModuleKey_MapeiaPermissionKeysParaModulos" />
    </UnitTest>
    <UnitTest name="RhPortal.Api.Tests.Modules.ModuleCatalogTests.ResolveModuleKey_MapeiaPermissionKeysParaModulos(permissionKey: &quot;matching.view&quot;, expectedModule: &quot;matching&quot;)" storage="/users/lmuniz/projetos/rh/voltage.renderrh/rhportal.api/rhportal.api.tests/bin/debug/net8.0/rhportal.api.tests.dll" id="c98ddaae-4d1e-7025-8e0a-2783102d2d33">
      <Execution id="c2c155c7-e119-4e00-86cf-67b1c37b5901" />
      <TestMethod codeBase="/Users/lmuniz/Projetos/RH/Voltage.RenderRH/RHPortal.Api/RHPortal.Api.Tests/bin/Debug/net8.0/RHPortal.Api.Tests.dll" adapterTypeName="executor://xunit/VsTestRunner2/netcoreapp" className="RhPortal.Api.Tests.Modules.ModuleCatalogTests" name="ResolveModuleKey_MapeiaPermissionKeysParaModulos" />
    </UnitTest>
    <UnitTest name="RhPortal.Api.Tests.Modules.ModuleCatalogTests.ResolveModuleKey_MapeiaPermissionKeysParaModulos(permissionKey: &quot;admissao.view&quot;, expectedModule: &quot;admissao&quot;)" storage="/users/lmuniz/projetos/rh/voltage.renderrh/rhportal.api/rhportal.api.tests/bin/debug/net8.0/rhportal.api.tests.dll" id="ba0f8486-2494-22f4-4942-1c36ba69f42d">
      <Execution id="b972d182-28c0-46a2-b4d4-ea2de616dfb2" />
      <TestMethod codeBase="/Users/lmuniz/Projetos/RH/Voltage.RenderRH/RHPortal.Api/RHPortal.Api.Tests/bin/Debug/net8.0/RHPortal.Api.Tests.dll" adapterTypeName="executor://xunit/VsTestRunner2/netcoreapp" className="RhPortal.Api.Tests.Modules.ModuleCatalogTests" name="ResolveModuleKey_MapeiaPermissionKeysParaModulos" />
    </UnitTest>
    <UnitTest name="RhPortal.Api.Tests.Modules.ModuleCatalogTests.ResolveModuleKey_RetornaNullParaInputVazio" storage="/users/lmuniz/projetos/rh/voltage.renderrh/rhportal.api/rhportal.api.tests/bin/debug/net8.0/rhportal.api.tests.dll" id="e9e14ca0-c03a-cff5-0b5b-68fba421d067">
      <Execution id="916e0660-3ea6-4bce-9c8c-1343c659f677" />
      <TestMethod codeBase="/Users/lmuniz/Projetos/RH/Voltage.RenderRH/RHPortal.Api/RHPortal.Api.Tests/bin/Debug/net8.0/RHPortal.Api.Tests.dll" adapterTypeName="executor://xunit/VsTestRunner2/netcoreapp" className="RhPortal.Api.Tests.Modules.ModuleCatalogTests" name="ResolveModuleKey_RetornaNullParaInputVazio" />
    </UnitTest>
    <UnitTest name="RhPortal.Api.Tests.Modules.ModuleCatalogTests.ResolveModuleKey_MapeiaPermissionKeysParaModulos(permissionKey: &quot;entrada.view&quot;, expectedModule: &quot;portal-vagas&quot;)" storage="/users/lmuniz/projetos/rh/voltage.renderrh/rhportal.api/rhportal.api.tests/bin/debug/net8.0/rhportal.api.tests.dll" id="869f7cd8-fb2a-c19c-0dc1-6d6b9e02b488">
      <Execution id="c2e77b2b-90df-4572-86e9-bb8fedc4b66a" />
      <TestMethod codeBase="/Users/lmuniz/Projetos/RH/Voltage.RenderRH/RHPortal.Api/RHPortal.Api.Tests/bin/Debug/net8.0/RHPortal.Api.Tests.dll" adapterTypeName="executor://xunit/VsTestRunner2/netcoreapp" className="RhPortal.Api.Tests.Modules.ModuleCatalogTests" name="ResolveModuleKey_MapeiaPermissionKeysParaModulos" />
    </UnitTest>
    <UnitTest name="RhPortal.Api.Tests.Modules.ModuleCatalogTests.GetByKey_RetornaNullParaInexistente" storage="/users/lmuniz/projetos/rh/voltage.renderrh/rhportal.api/rhportal.api.tests/bin/debug/net8.0/rhportal.api.tests.dll" id="4f98a430-8da9-7f2a-e8f6-1a78bb728cb6">
      <Execution id="d9095a8c-073f-43f6-9c4c-1185727f74bc" />
      <TestMethod codeBase="/Users/lmuniz/Projetos/RH/Voltage.RenderRH/RHPortal.Api/RHPortal.Api.Tests/bin/Debug/net8.0/RHPortal.Api.Tests.dll" adapterTypeName="executor://xunit/VsTestRunner2/netcoreapp" className="RhPortal.Api.Tests.Modules.ModuleCatalogTests" name="GetByKey_RetornaNullParaInexistente" />
    </UnitTest>
    <UnitTest name="RhPortal.Api.Tests.Modules.ModuleCatalogTests.All_NaoContemChavesDuplicadas" storage="/users/lmuniz/projetos/rh/voltage.renderrh/rhportal.api/rhportal.api.tests/bin/debug/net8.0/rhportal.api.tests.dll" id="e67ba2f5-1269-80a0-01d0-e90dbf93f569">
      <Execution id="17540a18-2291-40f8-b4d2-d9da330b1a5b" />
      <TestMethod codeBase="/Users/lmuniz/Projetos/RH/Voltage.RenderRH/RHPortal.Api/RHPortal.Api.Tests/bin/Debug/net8.0/RHPortal.Api.Tests.dll" adapterTypeName="executor://xunit/VsTestRunner2/netcoreapp" className="RhPortal.Api.Tests.Modules.ModuleCatalogTests" name="All_NaoContemChavesDuplicadas" />
    </UnitTest>
    <UnitTest name="RhPortal.Api.Tests.Modules.TenantModuleServiceTests.List_ComRegistroDesabilitadoParaOpcional_RefleteStatus" storage="/users/lmuniz/projetos/rh/voltage.renderrh/rhportal.api/rhportal.api.tests/bin/debug/net8.0/rhportal.api.tests.dll" id="6895b5ec-dca7-4570-f146-931124a6d625">
      <Execution id="760e0bcc-354a-4d4f-8369-44e0aebe01a7" />
      <TestMethod codeBase="/Users/lmuniz/Projetos/RH/Voltage.RenderRH/RHPortal.Api/RHPortal.Api.Tests/bin/Debug/net8.0/RHPortal.Api.Tests.dll" adapterTypeName="executor://xunit/VsTestRunner2/netcoreapp" className="RhPortal.Api.Tests.Modules.TenantModuleServiceTests" name="List_ComRegistroDesabilitadoParaOpcional_RefleteStatus" />
    </UnitTest>
    <UnitTest name="RhPortal.Api.Tests.Modules.ModuleCatalogTests.ResolveModuleKey_MapeiaPermissionKeysParaModulos(permissionKey: &quot;relatorios.view&quot;, expectedModule: &quot;relatorios&quot;)" storage="/users/lmuniz/projetos/rh/voltage.renderrh/rhportal.api/rhportal.api.tests/bin/debug/net8.0/rhportal.api.tests.dll" id="f5a890ac-c9cd-7a3a-7e20-8cabeba65c15">
      <Execution id="3581e2cd-203e-4b93-9c73-c1ce74910b93" />
      <TestMethod codeBase="/Users/lmuniz/Projetos/RH/Voltage.RenderRH/RHPortal.Api/RHPortal.Api.Tests/bin/Debug/net8.0/RHPortal.Api.Tests.dll" adapterTypeName="executor://xunit/VsTestRunner2/netcoreapp" className="RhPortal.Api.Tests.Modules.ModuleCatalogTests" name="ResolveModuleKey_MapeiaPermissionKeysParaModulos" />
    </UnitTest>
    <UnitTest name="RhPortal.Api.Tests.Modules.TenantModuleServiceTests.Set_HabilitarCore_Permitido" storage="/users/lmuniz/projetos/rh/voltage.renderrh/rhportal.api/rhportal.api.tests/bin/debug/net8.0/rhportal.api.tests.dll" id="ea11848e-d749-1930-4786-c6355d9e6aee">
      <Execution id="f669c631-0fc1-4931-bcc8-40aa9ba90285" />
      <TestMethod codeBase="/Users/lmuniz/Projetos/RH/Voltage.RenderRH/RHPortal.Api/RHPortal.Api.Tests/bin/Debug/net8.0/RHPortal.Api.Tests.dll" adapterTypeName="executor://xunit/VsTestRunner2/netcoreapp" className="RhPortal.Api.Tests.Modules.TenantModuleServiceTests" name="Set_HabilitarCore_Permitido" />
    </UnitTest>
    <UnitTest name="RhPortal.Api.Tests.Modules.ModuleCatalogTests.ResolveModuleKey_MapeiaPermissionKeysParaModulos(permissionKey: &quot;portalvagas.view&quot;, expectedModule: &quot;portal-vagas&quot;)" storage="/users/lmuniz/projetos/rh/voltage.renderrh/rhportal.api/rhportal.api.tests/bin/debug/net8.0/rhportal.api.tests.dll" id="dc19c8d1-c785-68cd-09c5-4ceb894c6c20">
      <Execution id="183d6ef8-94b1-4cf8-b155-a61af78a88ad" />
      <TestMethod codeBase="/Users/lmuniz/Projetos/RH/Voltage.RenderRH/RHPortal.Api/RHPortal.Api.Tests/bin/Debug/net8.0/RHPortal.Api.Tests.dll" adapterTypeName="executor://xunit/VsTestRunner2/netcoreapp" className="RhPortal.Api.Tests.Modules.ModuleCatalogTests" name="ResolveModuleKey_MapeiaPermissionKeysParaModulos" />
    </UnitTest>
    <UnitTest name="RhPortal.Api.Tests.Modules.TenantModuleServiceTests.EnsureDefaults_Idempotente" storage="/users/lmuniz/projetos/rh/voltage.renderrh/rhportal.api/rhportal.api.tests/bin/debug/net8.0/rhportal.api.tests.dll" id="3169f320-b49c-ae74-4ac3-8ad6b0c96878">
      <Execution id="9743adbf-8c72-4128-a64c-3710cf23970c" />
      <TestMethod codeBase="/Users/lmuniz/Projetos/RH/Voltage.RenderRH/RHPortal.Api/RHPortal.Api.Tests/bin/Debug/net8.0/RHPortal.Api.Tests.dll" adapterTypeName="executor://xunit/VsTestRunner2/netcoreapp" className="RhPortal.Api.Tests.Modules.TenantModuleServiceTests" name="EnsureDefaults_Idempotente" />
    </UnitTest>
    <UnitTest name="RhPortal.Api.Tests.Modules.ModuleCatalogTests.ResolveModuleKey_MapeiaPermissionKeysParaModulos(permissionKey: &quot;email-config.manage&quot;, expectedModule: &quot;configuracoes&quot;)" storage="/users/lmuniz/projetos/rh/voltage.renderrh/rhportal.api/rhportal.api.tests/bin/debug/net8.0/rhportal.api.tests.dll" id="3d58a4fc-6e54-8034-36ef-2ee1138af156">
      <Execution id="a1b35874-21f3-42a2-b5c8-7a4a9e3b699d" />
      <TestMethod codeBase="/Users/lmuniz/Projetos/RH/Voltage.RenderRH/RHPortal.Api/RHPortal.Api.Tests/bin/Debug/net8.0/RHPortal.Api.Tests.dll" adapterTypeName="executor://xunit/VsTestRunner2/netcoreapp" className="RhPortal.Api.Tests.Modules.ModuleCatalogTests" name="ResolveModuleKey_MapeiaPermissionKeysParaModulos" />
    </UnitTest>
    <UnitTest name="RhPortal.Api.Tests.Modules.ModuleCatalogTests.Exists_RetornaFalseParaChaveInexistente" storage="/users/lmuniz/projetos/rh/voltage.renderrh/rhportal.api/rhportal.api.tests/bin/debug/net8.0/rhportal.api.tests.dll" id="9eea182a-cb60-df22-b04a-bee1a408f7cd">
      <Execution id="f3974b37-e1a0-4929-9780-dd7673b25c7c" />
      <TestMethod codeBase="/Users/lmuniz/Projetos/RH/Voltage.RenderRH/RHPortal.Api/RHPortal.Api.Tests/bin/Debug/net8.0/RHPortal.Api.Tests.dll" adapterTypeName="executor://xunit/VsTestRunner2/netcoreapp" className="RhPortal.Api.Tests.Modules.ModuleCatalogTests" name="Exists_RetornaFalseParaChaveInexistente" />
    </UnitTest>
    <UnitTest name="RhPortal.Api.Tests.Modules.ModuleCatalogTests.ResolveModuleKey_MapeiaPermissionKeysParaModulos(permissionKey: &quot;areas.view&quot;, expectedModule: &quot;cadastros&quot;)" storage="/users/lmuniz/projetos/rh/voltage.renderrh/rhportal.api/rhportal.api.tests/bin/debug/net8.0/rhportal.api.tests.dll" id="ca792e35-feb1-2568-019a-c33e4af26400">
      <Execution id="313e4c68-b746-408b-9bf5-28e9cf3e17df" />
      <TestMethod codeBase="/Users/lmuniz/Projetos/RH/Voltage.RenderRH/RHPortal.Api/RHPortal.Api.Tests/bin/Debug/net8.0/RHPortal.Api.Tests.dll" adapterTypeName="executor://xunit/VsTestRunner2/netcoreapp" className="RhPortal.Api.Tests.Modules.ModuleCatalogTests" name="ResolveModuleKey_MapeiaPermissionKeysParaModulos" />
    </UnitTest>
    <UnitTest name="RhPortal.Api.Tests.Modules.ModuleCatalogTests.ResolveModuleKey_MapeiaPermissionKeysParaModulos(permissionKey: &quot;vagas.view&quot;, expectedModule: &quot;recrutamento&quot;)" storage="/users/lmuniz/projetos/rh/voltage.renderrh/rhportal.api/rhportal.api.tests/bin/debug/net8.0/rhportal.api.tests.dll" id="d32c6ac3-8010-5897-386a-1d71900ac10f">
      <Execution id="7aa1cdaa-31f7-47c5-a53c-40fcc9aa55d7" />
      <TestMethod codeBase="/Users/lmuniz/Projetos/RH/Voltage.RenderRH/RHPortal.Api/RHPortal.Api.Tests/bin/Debug/net8.0/RHPortal.Api.Tests.dll" adapterTypeName="executor://xunit/VsTestRunner2/netcoreapp" className="RhPortal.Api.Tests.Modules.ModuleCatalogTests" name="ResolveModuleKey_MapeiaPermissionKeysParaModulos" />
    </UnitTest>
    <UnitTest name="RhPortal.Api.Tests.Modules.TenantModuleServiceTests.Set_DesabilitarCore_LancaInvalidOperation" storage="/users/lmuniz/projetos/rh/voltage.renderrh/rhportal.api/rhportal.api.tests/bin/debug/net8.0/rhportal.api.tests.dll" id="05b9875e-0046-ca90-5120-df3dcc735397">
      <Execution id="a1318f86-5b44-4637-92c8-4e957b33f045" />
      <TestMethod codeBase="/Users/lmuniz/Projetos/RH/Voltage.RenderRH/RHPortal.Api/RHPortal.Api.Tests/bin/Debug/net8.0/RHPortal.Api.Tests.dll" adapterTypeName="executor://xunit/VsTestRunner2/netcoreapp" className="RhPortal.Api.Tests.Modules.TenantModuleServiceTests" name="Set_DesabilitarCore_LancaInvalidOperation" />
    </UnitTest>
    <UnitTest name="RhPortal.Api.Tests.Modules.TenantModuleServiceTests.Set_PrimeiraVezParaOpcional_CriaRegistroComOwnerId" storage="/users/lmuniz/projetos/rh/voltage.renderrh/rhportal.api/rhportal.api.tests/bin/debug/net8.0/rhportal.api.tests.dll" id="ae57633e-adfc-7496-6686-81c1ba5d3319">
      <Execution id="99fba4a4-6b22-4f62-a815-bfcb06e38319" />
      <TestMethod codeBase="/Users/lmuniz/Projetos/RH/Voltage.RenderRH/RHPortal.Api/RHPortal.Api.Tests/bin/Debug/net8.0/RHPortal.Api.Tests.dll" adapterTypeName="executor://xunit/VsTestRunner2/netcoreapp" className="RhPortal.Api.Tests.Modules.TenantModuleServiceTests" name="Set_PrimeiraVezParaOpcional_CriaRegistroComOwnerId" />
    </UnitTest>
    <UnitTest name="RhPortal.Api.Tests.Modules.ModuleCatalogTests.ModulosOpcionais_NaoEstaoMarcadosComoIsCore" storage="/users/lmuniz/projetos/rh/voltage.renderrh/rhportal.api/rhportal.api.tests/bin/debug/net8.0/rhportal.api.tests.dll" id="d138c463-3055-14eb-e8a7-09da219eaf97">
      <Execution id="b229ed34-b786-4a3b-bb09-f57557c0d82c" />
      <TestMethod codeBase="/Users/lmuniz/Projetos/RH/Voltage.RenderRH/RHPortal.Api/RHPortal.Api.Tests/bin/Debug/net8.0/RHPortal.Api.Tests.dll" adapterTypeName="executor://xunit/VsTestRunner2/netcoreapp" className="RhPortal.Api.Tests.Modules.ModuleCatalogTests" name="ModulosOpcionais_NaoEstaoMarcadosComoIsCore" />
    </UnitTest>
    <UnitTest name="RhPortal.Api.Tests.Modules.TenantModuleServiceTests.List_IgnoraRegistrosDeOutroTenant" storage="/users/lmuniz/projetos/rh/voltage.renderrh/rhportal.api/rhportal.api.tests/bin/debug/net8.0/rhportal.api.tests.dll" id="d41e4a98-1468-9125-38b9-5db25a02c291">
      <Execution id="9d6c3880-de28-4611-ac80-04648032ab53" />
      <TestMethod codeBase="/Users/lmuniz/Projetos/RH/Voltage.RenderRH/RHPortal.Api/RHPortal.Api.Tests/bin/Debug/net8.0/RHPortal.Api.Tests.dll" adapterTypeName="executor://xunit/VsTestRunner2/netcoreapp" className="RhPortal.Api.Tests.Modules.TenantModuleServiceTests" name="List_IgnoraRegistrosDeOutroTenant" />
    </UnitTest>
    <UnitTest name="RhPortal.Api.Tests.Modules.TenantModuleServiceTests.GetEnabled_EHashSetCaseInsensitive" storage="/users/lmuniz/projetos/rh/voltage.renderrh/rhportal.api/rhportal.api.tests/bin/debug/net8.0/rhportal.api.tests.dll" id="e33ec49f-7061-f282-107a-d258a05c6c5a">
      <Execution id="bb96034d-09b0-485a-af80-f9c198f96d13" />
      <TestMethod codeBase="/Users/lmuniz/Projetos/RH/Voltage.RenderRH/RHPortal.Api/RHPortal.Api.Tests/bin/Debug/net8.0/RHPortal.Api.Tests.dll" adapterTypeName="executor://xunit/VsTestRunner2/netcoreapp" className="RhPortal.Api.Tests.Modules.TenantModuleServiceTests" name="GetEnabled_EHashSetCaseInsensitive" />
    </UnitTest>
    <UnitTest name="RhPortal.Api.Tests.Modules.ModuleCatalogTests.ModulosCore_EstaoMarcadosComoIsCore" storage="/users/lmuniz/projetos/rh/voltage.renderrh/rhportal.api/rhportal.api.tests/bin/debug/net8.0/rhportal.api.tests.dll" id="6246c584-5dc8-440b-2ebb-c690c4b7d5ab">
      <Execution id="ffb34d8a-455a-4a1a-8215-7042ef8649b5" />
      <TestMethod codeBase="/Users/lmuniz/Projetos/RH/Voltage.RenderRH/RHPortal.Api/RHPortal.Api.Tests/bin/Debug/net8.0/RHPortal.Api.Tests.dll" adapterTypeName="executor://xunit/VsTestRunner2/netcoreapp" className="RhPortal.Api.Tests.Modules.ModuleCatalogTests" name="ModulosCore_EstaoMarcadosComoIsCore" />
    </UnitTest>
    <UnitTest name="RhPortal.Api.Tests.Modules.TenantModuleServiceTests.EnsureDefaults_ComRegistroExistente_NaoSobrescreve" storage="/users/lmuniz/projetos/rh/voltage.renderrh/rhportal.api/rhportal.api.tests/bin/debug/net8.0/rhportal.api.tests.dll" id="2ac6fc82-f71f-5cc1-c930-edee227bd866">
      <Execution id="f582a389-560d-4b3b-8065-6aedcd92341b" />
      <TestMethod codeBase="/Users/lmuniz/Projetos/RH/Voltage.RenderRH/RHPortal.Api/RHPortal.Api.Tests/bin/Debug/net8.0/RHPortal.Api.Tests.dll" adapterTypeName="executor://xunit/VsTestRunner2/netcoreapp" className="RhPortal.Api.Tests.Modules.TenantModuleServiceTests" name="EnsureDefaults_ComRegistroExistente_NaoSobrescreve" />
    </UnitTest>
    <UnitTest name="RhPortal.Api.Tests.Modules.ModuleCatalogTests.ResolveModuleKey_MapeiaPermissionKeysParaModulos(permissionKey: &quot;feedback.send&quot;, expectedModule: &quot;feedback&quot;)" storage="/users/lmuniz/projetos/rh/voltage.renderrh/rhportal.api/rhportal.api.tests/bin/debug/net8.0/rhportal.api.tests.dll" id="d9a490b9-9b7c-cef4-6be3-f63a27dba552">
      <Execution id="a0a414df-20e1-44e2-b0c3-2148c01a67c8" />
      <TestMethod codeBase="/Users/lmuniz/Projetos/RH/Voltage.RenderRH/RHPortal.Api/RHPortal.Api.Tests/bin/Debug/net8.0/RHPortal.Api.Tests.dll" adapterTypeName="executor://xunit/VsTestRunner2/netcoreapp" className="RhPortal.Api.Tests.Modules.ModuleCatalogTests" name="ResolveModuleKey_MapeiaPermissionKeysParaModulos" />
    </UnitTest>
    <UnitTest name="RhPortal.Api.Tests.Modules.ModuleCatalogTests.ResolveModuleKey_MapeiaPermissionKeysParaModulos(permissionKey: &quot;solicitacoes-vaga.view&quot;, expectedModule: &quot;recrutamento&quot;)" storage="/users/lmuniz/projetos/rh/voltage.renderrh/rhportal.api/rhportal.api.tests/bin/debug/net8.0/rhportal.api.tests.dll" id="c6728766-a159-d595-c2b5-40452b2cebe3">
      <Execution id="9e9b69a0-abcf-4438-9263-9a8759e9dd5a" />
      <TestMethod codeBase="/Users/lmuniz/Projetos/RH/Voltage.RenderRH/RHPortal.Api/RHPortal.Api.Tests/bin/Debug/net8.0/RHPortal.Api.Tests.dll" adapterTypeName="executor://xunit/VsTestRunner2/netcoreapp" className="RhPortal.Api.Tests.Modules.ModuleCatalogTests" name="ResolveModuleKey_MapeiaPermissionKeysParaModulos" />
    </UnitTest>
    <UnitTest name="RhPortal.Api.Tests.Modules.ModuleCatalogTests.Exists_RetornaTrueParaChaveExistente" storage="/users/lmuniz/projetos/rh/voltage.renderrh/rhportal.api/rhportal.api.tests/bin/debug/net8.0/rhportal.api.tests.dll" id="bfeef31c-6713-26d1-eeee-982413221fd8">
      <Execution id="314d6806-5b79-4512-af4f-7dd8b827df44" />
      <TestMethod codeBase="/Users/lmuniz/Projetos/RH/Voltage.RenderRH/RHPortal.Api/RHPortal.Api.Tests/bin/Debug/net8.0/RHPortal.Api.Tests.dll" adapterTypeName="executor://xunit/VsTestRunner2/netcoreapp" className="RhPortal.Api.Tests.Modules.ModuleCatalogTests" name="Exists_RetornaTrueParaChaveExistente" />
    </UnitTest>
    <UnitTest name="RhPortal.Api.Tests.Modules.TenantModuleServiceTests.GetEnabled_SemRegistros_RetornaTodos" storage="/users/lmuniz/projetos/rh/voltage.renderrh/rhportal.api/rhportal.api.tests/bin/debug/net8.0/rhportal.api.tests.dll" id="a1028f9c-cd83-6475-6845-1a17fb01fd4d">
      <Execution id="96b93eef-871b-4fda-8f66-e48b47aa7408" />
      <TestMethod codeBase="/Users/lmuniz/Projetos/RH/Voltage.RenderRH/RHPortal.Api/RHPortal.Api.Tests/bin/Debug/net8.0/RHPortal.Api.Tests.dll" adapterTypeName="executor://xunit/VsTestRunner2/netcoreapp" className="RhPortal.Api.Tests.Modules.TenantModuleServiceTests" name="GetEnabled_SemRegistros_RetornaTodos" />
    </UnitTest>
    <UnitTest name="RhPortal.Api.Tests.Modules.ModuleCatalogTests.ResolveModuleKey_MapeiaPermissionKeysParaModulos(permissionKey: &quot;agenda.view&quot;, expectedModule: &quot;agenda&quot;)" storage="/users/lmuniz/projetos/rh/voltage.renderrh/rhportal.api/rhportal.api.tests/bin/debug/net8.0/rhportal.api.tests.dll" id="4b11b67e-322e-54b1-77e1-a88a1be04739">
      <Execution id="66667285-35ce-4a04-93e8-6f78bfc45b7f" />
      <TestMethod codeBase="/Users/lmuniz/Projetos/RH/Voltage.RenderRH/RHPortal.Api/RHPortal.Api.Tests/bin/Debug/net8.0/RHPortal.Api.Tests.dll" adapterTypeName="executor://xunit/VsTestRunner2/netcoreapp" className="RhPortal.Api.Tests.Modules.ModuleCatalogTests" name="ResolveModuleKey_MapeiaPermissionKeysParaModulos" />
    </UnitTest>
    <UnitTest name="RhPortal.Api.Tests.Modules.ModuleCatalogTests.ResolveModuleKey_MapeiaPermissionKeysParaModulos(permissionKey: &quot;aprovacoes-vaga.view&quot;, expectedModule: &quot;recrutamento&quot;)" storage="/users/lmuniz/projetos/rh/voltage.renderrh/rhportal.api/rhportal.api.tests/bin/debug/net8.0/rhportal.api.tests.dll" id="d56ea2a2-ac2f-4bfe-520d-d0566b4c47f5">
      <Execution id="235d84d2-0ef1-4a22-859a-58d1c55e8e53" />
      <TestMethod codeBase="/Users/lmuniz/Projetos/RH/Voltage.RenderRH/RHPortal.Api/RHPortal.Api.Tests/bin/Debug/net8.0/RHPortal.Api.Tests.dll" adapterTypeName="executor://xunit/VsTestRunner2/netcoreapp" className="RhPortal.Api.Tests.Modules.ModuleCatalogTests" name="ResolveModuleKey_MapeiaPermissionKeysParaModulos" />
    </UnitTest>
    <UnitTest name="RhPortal.Api.Tests.Modules.ModuleCatalogTests.ResolveModuleKey_MapeiaPermissionKeysParaModulos(permissionKey: &quot;gestao.dashboard&quot;, expectedModule: &quot;gestao&quot;)" storage="/users/lmuniz/projetos/rh/voltage.renderrh/rhportal.api/rhportal.api.tests/bin/debug/net8.0/rhportal.api.tests.dll" id="76834f4a-dfdd-f422-0399-bdf8624aa11f">
      <Execution id="669ea587-ed32-4c14-b577-f547fd606dd2" />
      <TestMethod codeBase="/Users/lmuniz/Projetos/RH/Voltage.RenderRH/RHPortal.Api/RHPortal.Api.Tests/bin/Debug/net8.0/RHPortal.Api.Tests.dll" adapterTypeName="executor://xunit/VsTestRunner2/netcoreapp" className="RhPortal.Api.Tests.Modules.ModuleCatalogTests" name="ResolveModuleKey_MapeiaPermissionKeysParaModulos" />
    </UnitTest>
    <UnitTest name="RhPortal.Api.Tests.Modules.ModuleCatalogTests.ResolveModuleKey_MapeiaPermissionKeysParaModulos(permissionKey: &quot;localization-config.manage&quot;, expectedModule: &quot;configuracoes&quot;)" storage="/users/lmuniz/projetos/rh/voltage.renderrh/rhportal.api/rhportal.api.tests/bin/debug/net8.0/rhportal.api.tests.dll" id="a1265c22-5125-ac61-0794-b69bcb5ce9c4">
      <Execution id="19e1931b-1a8e-4075-8e5b-98645199c9cd" />
      <TestMethod codeBase="/Users/lmuniz/Projetos/RH/Voltage.RenderRH/RHPortal.Api/RHPortal.Api.Tests/bin/Debug/net8.0/RHPortal.Api.Tests.dll" adapterTypeName="executor://xunit/VsTestRunner2/netcoreapp" className="RhPortal.Api.Tests.Modules.ModuleCatalogTests" name="ResolveModuleKey_MapeiaPermissionKeysParaModulos" />
    </UnitTest>
    <UnitTest name="RhPortal.Api.Tests.Modules.TenantModuleServiceTests.Set_ModuloInexistente_RetornaNull" storage="/users/lmuniz/projetos/rh/voltage.renderrh/rhportal.api/rhportal.api.tests/bin/debug/net8.0/rhportal.api.tests.dll" id="faa8602e-e881-717f-eb73-38107322dc97">
      <Execution id="8591df01-1c43-48db-8f1d-154a272018f3" />
      <TestMethod codeBase="/Users/lmuniz/Projetos/RH/Voltage.RenderRH/RHPortal.Api/RHPortal.Api.Tests/bin/Debug/net8.0/RHPortal.Api.Tests.dll" adapterTypeName="executor://xunit/VsTestRunner2/netcoreapp" className="RhPortal.Api.Tests.Modules.TenantModuleServiceTests" name="Set_ModuloInexistente_RetornaNull" />
    </UnitTest>
    <UnitTest name="RhPortal.Api.Tests.Modules.TenantModuleServiceTests.List_SemRegistros_RetornaTodosDoCatalogoHabilitados" storage="/users/lmuniz/projetos/rh/voltage.renderrh/rhportal.api/rhportal.api.tests/bin/debug/net8.0/rhportal.api.tests.dll" id="030c631f-8475-2ff7-21fa-7a4c8ecb5ef3">
      <Execution id="ed1163d4-4a61-42b3-ac09-96103ce7367f" />
      <TestMethod codeBase="/Users/lmuniz/Projetos/RH/Voltage.RenderRH/RHPortal.Api/RHPortal.Api.Tests/bin/Debug/net8.0/RHPortal.Api.Tests.dll" adapterTypeName="executor://xunit/VsTestRunner2/netcoreapp" className="RhPortal.Api.Tests.Modules.TenantModuleServiceTests" name="List_SemRegistros_RetornaTodosDoCatalogoHabilitados" />
    </UnitTest>
    <UnitTest name="RhPortal.Api.Tests.Modules.ModuleCatalogTests.GetByKey_ECaseInsensitive" storage="/users/lmuniz/projetos/rh/voltage.renderrh/rhportal.api/rhportal.api.tests/bin/debug/net8.0/rhportal.api.tests.dll" id="f51cc1ea-3cb9-2b55-3fc9-cea3f7d094c5">
      <Execution id="b3427d7a-90b7-4715-8b0e-e5f37e778801" />
      <TestMethod codeBase="/Users/lmuniz/Projetos/RH/Voltage.RenderRH/RHPortal.Api/RHPortal.Api.Tests/bin/Debug/net8.0/RHPortal.Api.Tests.dll" adapterTypeName="executor://xunit/VsTestRunner2/netcoreapp" className="RhPortal.Api.Tests.Modules.ModuleCatalogTests" name="GetByKey_ECaseInsensitive" />
    </UnitTest>
    <UnitTest name="RhPortal.Api.Tests.Modules.ModuleCatalogTests.ResolveModuleKey_MapeiaPermissionKeysParaModulos(permissionKey: &quot;funcionarios.view&quot;, expectedModule: &quot;cadastros&quot;)" storage="/users/lmuniz/projetos/rh/voltage.renderrh/rhportal.api/rhportal.api.tests/bin/debug/net8.0/rhportal.api.tests.dll" id="a73cb286-5636-b480-f3dc-dce87c7941e5">
      <Execution id="ffcc4c69-4980-48b3-a569-d4c3db58be48" />
      <TestMethod codeBase="/Users/lmuniz/Projetos/RH/Voltage.RenderRH/RHPortal.Api/RHPortal.Api.Tests/bin/Debug/net8.0/RHPortal.Api.Tests.dll" adapterTypeName="executor://xunit/VsTestRunner2/netcoreapp" className="RhPortal.Api.Tests.Modules.ModuleCatalogTests" name="ResolveModuleKey_MapeiaPermissionKeysParaModulos" />
    </UnitTest>
    <UnitTest name="RhPortal.Api.Tests.Modules.ModuleCatalogTests.All_ContemOsModulosCoreObrigatorios" storage="/users/lmuniz/projetos/rh/voltage.renderrh/rhportal.api/rhportal.api.tests/bin/debug/net8.0/rhportal.api.tests.dll" id="2400383f-3b5c-b220-a2b2-f0c23e8e05f3">
      <Execution id="c04e205d-22a5-40be-b74b-2de3cfe1fffe" />
      <TestMethod codeBase="/Users/lmuniz/Projetos/RH/Voltage.RenderRH/RHPortal.Api/RHPortal.Api.Tests/bin/Debug/net8.0/RHPortal.Api.Tests.dll" adapterTypeName="executor://xunit/VsTestRunner2/netcoreapp" className="RhPortal.Api.Tests.Modules.ModuleCatalogTests" name="All_ContemOsModulosCoreObrigatorios" />
    </UnitTest>
    <UnitTest name="RhPortal.Api.Tests.Modules.ModuleCatalogTests.ResolveModuleKey_RetornaNullParaPermissionKeyInexistente" storage="/users/lmuniz/projetos/rh/voltage.renderrh/rhportal.api/rhportal.api.tests/bin/debug/net8.0/rhportal.api.tests.dll" id="a57acca8-8750-1ddb-5779-ea0623f63121">
      <Execution id="5f089c75-b789-4280-9f1b-772e4a5a5f17" />
      <TestMethod codeBase="/Users/lmuniz/Projetos/RH/Voltage.RenderRH/RHPortal.Api/RHPortal.Api.Tests/bin/Debug/net8.0/RHPortal.Api.Tests.dll" adapterTypeName="executor://xunit/VsTestRunner2/netcoreapp" className="RhPortal.Api.Tests.Modules.ModuleCatalogTests" name="ResolveModuleKey_RetornaNullParaPermissionKeyInexistente" />
    </UnitTest>
    <UnitTest name="RhPortal.Api.Tests.Modules.TenantModuleServiceTests.EnsureDefaults_TenantNovo_CriaRegistrosParaTodosOsModulos" storage="/users/lmuniz/projetos/rh/voltage.renderrh/rhportal.api/rhportal.api.tests/bin/debug/net8.0/rhportal.api.tests.dll" id="aef91026-22e5-0239-9dc7-ecdeeb196a1a">
      <Execution id="9ea78e8b-1a24-42b6-b913-20a2e310ca40" />
      <TestMethod codeBase="/Users/lmuniz/Projetos/RH/Voltage.RenderRH/RHPortal.Api/RHPortal.Api.Tests/bin/Debug/net8.0/RHPortal.Api.Tests.dll" adapterTypeName="executor://xunit/VsTestRunner2/netcoreapp" className="RhPortal.Api.Tests.Modules.TenantModuleServiceTests" name="EnsureDefaults_TenantNovo_CriaRegistrosParaTodosOsModulos" />
    </UnitTest>
    <UnitTest name="RhPortal.Api.Tests.Modules.ModuleCatalogTests.ResolveModuleKey_MapeiaPermissionKeysParaModulos(permissionKey: &quot;departments.view&quot;, expectedModule: &quot;cadastros&quot;)" storage="/users/lmuniz/projetos/rh/voltage.renderrh/rhportal.api/rhportal.api.tests/bin/debug/net8.0/rhportal.api.tests.dll" id="adce79d3-8c0a-8c6d-ea3c-3318e30518e0">
      <Execution id="87d43b12-0af1-4686-b73b-4e696a1ad932" />
      <TestMethod codeBase="/Users/lmuniz/Projetos/RH/Voltage.RenderRH/RHPortal.Api/RHPortal.Api.Tests/bin/Debug/net8.0/RHPortal.Api.Tests.dll" adapterTypeName="executor://xunit/VsTestRunner2/netcoreapp" className="RhPortal.Api.Tests.Modules.ModuleCatalogTests" name="ResolveModuleKey_MapeiaPermissionKeysParaModulos" />
    </UnitTest>
    <UnitTest name="RhPortal.Api.Tests.Modules.TenantModuleServiceTests.List_ForcaCoreAtivoMesmoSeRegistroEstiverFalso" storage="/users/lmuniz/projetos/rh/voltage.renderrh/rhportal.api/rhportal.api.tests/bin/debug/net8.0/rhportal.api.tests.dll" id="4bb043b1-e059-9d43-cb7d-df7396a25c9d">
      <Execution id="be12fca1-87a9-41f1-a456-1120144d7ffc" />
      <TestMethod codeBase="/Users/lmuniz/Projetos/RH/Voltage.RenderRH/RHPortal.Api/RHPortal.Api.Tests/bin/Debug/net8.0/RHPortal.Api.Tests.dll" adapterTypeName="executor://xunit/VsTestRunner2/netcoreapp" className="RhPortal.Api.Tests.Modules.TenantModuleServiceTests" name="List_ForcaCoreAtivoMesmoSeRegistroEstiverFalso" />
    </UnitTest>
    <UnitTest name="RhPortal.Api.Tests.Modules.ModuleCatalogTests.ResolveModuleKey_MapeiaPermissionKeysParaModulos(permissionKey: &quot;users.read&quot;, expectedModule: &quot;administracao&quot;)" storage="/users/lmuniz/projetos/rh/voltage.renderrh/rhportal.api/rhportal.api.tests/bin/debug/net8.0/rhportal.api.tests.dll" id="72ea5af3-a108-279a-2a9e-d5c379dbc24c">
      <Execution id="998224cf-507a-4964-bcb5-d82b74484599" />
      <TestMethod codeBase="/Users/lmuniz/Projetos/RH/Voltage.RenderRH/RHPortal.Api/RHPortal.Api.Tests/bin/Debug/net8.0/RHPortal.Api.Tests.dll" adapterTypeName="executor://xunit/VsTestRunner2/netcoreapp" className="RhPortal.Api.Tests.Modules.ModuleCatalogTests" name="ResolveModuleKey_MapeiaPermissionKeysParaModulos" />
    </UnitTest>
    <UnitTest name="RhPortal.Api.Tests.Modules.ModuleCatalogTests.ResolveModuleKey_MapeiaPermissionKeysParaModulos(permissionKey: &quot;audit.view&quot;, expectedModule: &quot;administracao&quot;)" storage="/users/lmuniz/projetos/rh/voltage.renderrh/rhportal.api/rhportal.api.tests/bin/debug/net8.0/rhportal.api.tests.dll" id="aa044ce7-f7e6-79e1-82a5-3e05a4c72668">
      <Execution id="9f660f21-07d2-49e1-82bd-fc2a3dadd299" />
      <TestMethod codeBase="/Users/lmuniz/Projetos/RH/Voltage.RenderRH/RHPortal.Api/RHPortal.Api.Tests/bin/Debug/net8.0/RHPortal.Api.Tests.dll" adapterTypeName="executor://xunit/VsTestRunner2/netcoreapp" className="RhPortal.Api.Tests.Modules.ModuleCatalogTests" name="ResolveModuleKey_MapeiaPermissionKeysParaModulos" />
    </UnitTest>
  </TestDefinitions>
  <TestEntries>
    <TestEntry testId="e33ec49f-7061-f282-107a-d258a05c6c5a" executionId="bb96034d-09b0-485a-af80-f9c198f96d13" testListId="8c84fa94-04c1-424b-9868-57a2d4851a1d" />
    <TestEntry testId="6246c584-5dc8-440b-2ebb-c690c4b7d5ab" executionId="ffb34d8a-455a-4a1a-8215-7042ef8649b5" testListId="8c84fa94-04c1-424b-9868-57a2d4851a1d" />
    <TestEntry testId="d8eb8240-b7ea-26f2-0d2d-2d6a66e732ac" executionId="15117ee5-2ee7-46d2-a650-38b8f46bc404" testListId="8c84fa94-04c1-424b-9868-57a2d4851a1d" />
    <TestEntry testId="1b8e4638-cb26-ef08-12c1-56bfe8a70069" executionId="26ec9356-b8b9-418e-8e2e-f69210ccf1a5" testListId="8c84fa94-04c1-424b-9868-57a2d4851a1d" />
    <TestEntry testId="f5a890ac-c9cd-7a3a-7e20-8cabeba65c15" executionId="3581e2cd-203e-4b93-9c73-c1ce74910b93" testListId="8c84fa94-04c1-424b-9868-57a2d4851a1d" />
    <TestEntry testId="4b11b67e-322e-54b1-77e1-a88a1be04739" executionId="66667285-35ce-4a04-93e8-6f78bfc45b7f" testListId="8c84fa94-04c1-424b-9868-57a2d4851a1d" />
    <TestEntry testId="9eea182a-cb60-df22-b04a-bee1a408f7cd" executionId="f3974b37-e1a0-4929-9780-dd7673b25c7c" testListId="8c84fa94-04c1-424b-9868-57a2d4851a1d" />
    <TestEntry testId="15c5c0ef-30c0-516b-9abd-38ab6daf3abe" executionId="ef01c861-f2ff-4256-899e-438c1d090dd2" testListId="8c84fa94-04c1-424b-9868-57a2d4851a1d" />
    <TestEntry testId="a1028f9c-cd83-6475-6845-1a17fb01fd4d" executionId="96b93eef-871b-4fda-8f66-e48b47aa7408" testListId="8c84fa94-04c1-424b-9868-57a2d4851a1d" />
    <TestEntry testId="522b0094-c6c3-4281-d498-378001dd05c9" executionId="ff4c02a3-1ae1-48d0-8512-c6b557ce5277" testListId="8c84fa94-04c1-424b-9868-57a2d4851a1d" />
    <TestEntry testId="adce79d3-8c0a-8c6d-ea3c-3318e30518e0" executionId="87d43b12-0af1-4686-b73b-4e696a1ad932" testListId="8c84fa94-04c1-424b-9868-57a2d4851a1d" />
    <TestEntry testId="869f7cd8-fb2a-c19c-0dc1-6d6b9e02b488" executionId="c2e77b2b-90df-4572-86e9-bb8fedc4b66a" testListId="8c84fa94-04c1-424b-9868-57a2d4851a1d" />
    <TestEntry testId="3d58a4fc-6e54-8034-36ef-2ee1138af156" executionId="a1b35874-21f3-42a2-b5c8-7a4a9e3b699d" testListId="8c84fa94-04c1-424b-9868-57a2d4851a1d" />
    <TestEntry testId="0de46dc4-bf8d-81ed-6b90-7285136625a6" executionId="a7d71109-d63d-41eb-86c2-1e3f75ea8996" testListId="8c84fa94-04c1-424b-9868-57a2d4851a1d" />
    <TestEntry testId="ca792e35-feb1-2568-019a-c33e4af26400" executionId="313e4c68-b746-408b-9bf5-28e9cf3e17df" testListId="8c84fa94-04c1-424b-9868-57a2d4851a1d" />
    <TestEntry testId="72ea5af3-a108-279a-2a9e-d5c379dbc24c" executionId="998224cf-507a-4964-bcb5-d82b74484599" testListId="8c84fa94-04c1-424b-9868-57a2d4851a1d" />
    <TestEntry testId="0a5a02ea-5a92-13ee-e8e6-a923ebf313b5" executionId="aaf621d3-0388-4b3a-8765-810c11b205f9" testListId="8c84fa94-04c1-424b-9868-57a2d4851a1d" />
    <TestEntry testId="d41e4a98-1468-9125-38b9-5db25a02c291" executionId="9d6c3880-de28-4611-ac80-04648032ab53" testListId="8c84fa94-04c1-424b-9868-57a2d4851a1d" />
    <TestEntry testId="a57acca8-8750-1ddb-5779-ea0623f63121" executionId="5f089c75-b789-4280-9f1b-772e4a5a5f17" testListId="8c84fa94-04c1-424b-9868-57a2d4851a1d" />
    <TestEntry testId="d56ea2a2-ac2f-4bfe-520d-d0566b4c47f5" executionId="235d84d2-0ef1-4a22-859a-58d1c55e8e53" testListId="8c84fa94-04c1-424b-9868-57a2d4851a1d" />
    <TestEntry testId="ba0f8486-2494-22f4-4942-1c36ba69f42d" executionId="b972d182-28c0-46a2-b4d4-ea2de616dfb2" testListId="8c84fa94-04c1-424b-9868-57a2d4851a1d" />
    <TestEntry testId="78f9115c-c6ab-28c5-5d1f-5127cf113d0b" executionId="58a3d4c5-d69d-430c-9516-d0bee59eb115" testListId="8c84fa94-04c1-424b-9868-57a2d4851a1d" />
    <TestEntry testId="a73cb286-5636-b480-f3dc-dce87c7941e5" executionId="ffcc4c69-4980-48b3-a569-d4c3db58be48" testListId="8c84fa94-04c1-424b-9868-57a2d4851a1d" />
    <TestEntry testId="6895b5ec-dca7-4570-f146-931124a6d625" executionId="760e0bcc-354a-4d4f-8369-44e0aebe01a7" testListId="8c84fa94-04c1-424b-9868-57a2d4851a1d" />
    <TestEntry testId="2400383f-3b5c-b220-a2b2-f0c23e8e05f3" executionId="c04e205d-22a5-40be-b74b-2de3cfe1fffe" testListId="8c84fa94-04c1-424b-9868-57a2d4851a1d" />
    <TestEntry testId="06af152a-8286-2c99-a0fe-99052330e715" executionId="d790bc84-c158-44c4-a174-53f3babfa506" testListId="8c84fa94-04c1-424b-9868-57a2d4851a1d" />
    <TestEntry testId="d32c6ac3-8010-5897-386a-1d71900ac10f" executionId="7aa1cdaa-31f7-47c5-a53c-40fcc9aa55d7" testListId="8c84fa94-04c1-424b-9868-57a2d4851a1d" />
    <TestEntry testId="030c631f-8475-2ff7-21fa-7a4c8ecb5ef3" executionId="ed1163d4-4a61-42b3-ac09-96103ce7367f" testListId="8c84fa94-04c1-424b-9868-57a2d4851a1d" />
    <TestEntry testId="4f98a430-8da9-7f2a-e8f6-1a78bb728cb6" executionId="d9095a8c-073f-43f6-9c4c-1185727f74bc" testListId="8c84fa94-04c1-424b-9868-57a2d4851a1d" />
    <TestEntry testId="d138c463-3055-14eb-e8a7-09da219eaf97" executionId="b229ed34-b786-4a3b-bb09-f57557c0d82c" testListId="8c84fa94-04c1-424b-9868-57a2d4851a1d" />
    <TestEntry testId="ea11848e-d749-1930-4786-c6355d9e6aee" executionId="f669c631-0fc1-4931-bcc8-40aa9ba90285" testListId="8c84fa94-04c1-424b-9868-57a2d4851a1d" />
    <TestEntry testId="76834f4a-dfdd-f422-0399-bdf8624aa11f" executionId="669ea587-ed32-4c14-b577-f547fd606dd2" testListId="8c84fa94-04c1-424b-9868-57a2d4851a1d" />
    <TestEntry testId="dc19c8d1-c785-68cd-09c5-4ceb894c6c20" executionId="183d6ef8-94b1-4cf8-b155-a61af78a88ad" testListId="8c84fa94-04c1-424b-9868-57a2d4851a1d" />
    <TestEntry testId="c98ddaae-4d1e-7025-8e0a-2783102d2d33" executionId="c2c155c7-e119-4e00-86cf-67b1c37b5901" testListId="8c84fa94-04c1-424b-9868-57a2d4851a1d" />
    <TestEntry testId="d5031551-9eac-fa83-5559-a97f2d334671" executionId="1084450c-0a43-4a9d-8ab5-627e80bab161" testListId="8c84fa94-04c1-424b-9868-57a2d4851a1d" />
    <TestEntry testId="aa044ce7-f7e6-79e1-82a5-3e05a4c72668" executionId="9f660f21-07d2-49e1-82bd-fc2a3dadd299" testListId="8c84fa94-04c1-424b-9868-57a2d4851a1d" />
    <TestEntry testId="760c8f00-cf40-0b01-6331-d4ec7d33c439" executionId="89fc0378-a81f-4126-9db4-5c2cc97fb478" testListId="8c84fa94-04c1-424b-9868-57a2d4851a1d" />
    <TestEntry testId="faa8602e-e881-717f-eb73-38107322dc97" executionId="8591df01-1c43-48db-8f1d-154a272018f3" testListId="8c84fa94-04c1-424b-9868-57a2d4851a1d" />
    <TestEntry testId="f51cc1ea-3cb9-2b55-3fc9-cea3f7d094c5" executionId="b3427d7a-90b7-4715-8b0e-e5f37e778801" testListId="8c84fa94-04c1-424b-9868-57a2d4851a1d" />
    <TestEntry testId="d9a490b9-9b7c-cef4-6be3-f63a27dba552" executionId="a0a414df-20e1-44e2-b0c3-2148c01a67c8" testListId="8c84fa94-04c1-424b-9868-57a2d4851a1d" />
    <TestEntry testId="e67ba2f5-1269-80a0-01d0-e90dbf93f569" executionId="17540a18-2291-40f8-b4d2-d9da330b1a5b" testListId="8c84fa94-04c1-424b-9868-57a2d4851a1d" />
    <TestEntry testId="aef91026-22e5-0239-9dc7-ecdeeb196a1a" executionId="9ea78e8b-1a24-42b6-b913-20a2e310ca40" testListId="8c84fa94-04c1-424b-9868-57a2d4851a1d" />
    <TestEntry testId="07bbb0b4-eccc-cfb7-c024-c62884e81821" executionId="d96d76ac-67fe-4929-a552-ff07cba9bc0a" testListId="8c84fa94-04c1-424b-9868-57a2d4851a1d" />
    <TestEntry testId="a1265c22-5125-ac61-0794-b69bcb5ce9c4" executionId="19e1931b-1a8e-4075-8e5b-98645199c9cd" testListId="8c84fa94-04c1-424b-9868-57a2d4851a1d" />
    <TestEntry testId="4da75be3-7cec-1816-322c-67d238cbe012" executionId="dbb7b47f-56b3-45ee-8909-3e887bbc0511" testListId="8c84fa94-04c1-424b-9868-57a2d4851a1d" />
    <TestEntry testId="2ac6fc82-f71f-5cc1-c930-edee227bd866" executionId="f582a389-560d-4b3b-8065-6aedcd92341b" testListId="8c84fa94-04c1-424b-9868-57a2d4851a1d" />
    <TestEntry testId="4bb043b1-e059-9d43-cb7d-df7396a25c9d" executionId="be12fca1-87a9-41f1-a456-1120144d7ffc" testListId="8c84fa94-04c1-424b-9868-57a2d4851a1d" />
    <TestEntry testId="4ac0de13-ccd8-2bc2-41b0-86c5e15c98db" executionId="cd1d81dc-3301-4b6b-90fa-f69c7f83724a" testListId="8c84fa94-04c1-424b-9868-57a2d4851a1d" />
    <TestEntry testId="e9e14ca0-c03a-cff5-0b5b-68fba421d067" executionId="916e0660-3ea6-4bce-9c8c-1343c659f677" testListId="8c84fa94-04c1-424b-9868-57a2d4851a1d" />
    <TestEntry testId="3169f320-b49c-ae74-4ac3-8ad6b0c96878" executionId="9743adbf-8c72-4128-a64c-3710cf23970c" testListId="8c84fa94-04c1-424b-9868-57a2d4851a1d" />
    <TestEntry testId="05b9875e-0046-ca90-5120-df3dcc735397" executionId="a1318f86-5b44-4637-92c8-4e957b33f045" testListId="8c84fa94-04c1-424b-9868-57a2d4851a1d" />
    <TestEntry testId="c6728766-a159-d595-c2b5-40452b2cebe3" executionId="9e9b69a0-abcf-4438-9263-9a8759e9dd5a" testListId="8c84fa94-04c1-424b-9868-57a2d4851a1d" />
    <TestEntry testId="bfeef31c-6713-26d1-eeee-982413221fd8" executionId="314d6806-5b79-4512-af4f-7dd8b827df44" testListId="8c84fa94-04c1-424b-9868-57a2d4851a1d" />
    <TestEntry testId="ae57633e-adfc-7496-6686-81c1ba5d3319" executionId="99fba4a4-6b22-4f62-a815-bfcb06e38319" testListId="8c84fa94-04c1-424b-9868-57a2d4851a1d" />
    <TestEntry testId="36697567-83e6-8044-3395-3648af87dbaf" executionId="6763ce6b-d6b4-4413-98e5-e3707b0153d9" testListId="8c84fa94-04c1-424b-9868-57a2d4851a1d" />
  </TestEntries>
  <TestLists>
    <TestList name="Resultados que não estão em uma lista" id="8c84fa94-04c1-424b-9868-57a2d4851a1d" />
    <TestList name="Todos os resultados carregados" id="19431567-8539-422a-85d7-44ee4e166bda" />
  </TestLists>
  <ResultSummary outcome="Completed">
    <Counters total="55" executed="55" passed="55" failed="0" error="0" timeout="0" aborted="0" inconclusive="0" passedButRunAborted="0" notRunnable="0" notExecuted="0" disconnected="0" warning="0" completed="0" inProgress="0" pending="0" />
    <Output>
      <StdOut>[xUnit.net 00:00:00.00] xUnit.net VSTest Adapter v2.8.2+699d445a1a (64-bit .NET 8.0.26)
[xUnit.net 00:00:00.03]   Discovering: RHPortal.Api.Tests
[xUnit.net 00:00:00.06]   Discovered:  RHPortal.Api.Tests
[xUnit.net 00:00:00.06]   Starting:    RHPortal.Api.Tests
[xUnit.net 00:00:00.34]   Finished:    RHPortal.Api.Tests
</StdOut>
    </Output>
  </ResultSummary>
</TestRun>